Archive member included because of file (symbol)

C:\Users\Giovani\Documents\LPCXpresso_6.1.4_194\workspace\CMSISv1p30_LPC17xx\Debug\libCMSISv1p30_LPC17xx.a(system_LPC17xx.o)
                              ./main.o (SystemCoreClock)
C:\Users\Giovani\Documents\LPCXpresso_6.1.4_194\workspace\FreeRTOS_Library\Debug\libFreeRTOS_Library.a(port.o)
                              ./cr_startup_lpc17.o (vPortSVCHandler)
C:\Users\Giovani\Documents\LPCXpresso_6.1.4_194\workspace\FreeRTOS_Library\Debug\libFreeRTOS_Library.a(basic_io.o)
                              ./main.o (vPrintString)
C:\Users\Giovani\Documents\LPCXpresso_6.1.4_194\workspace\FreeRTOS_Library\Debug\libFreeRTOS_Library.a(consoleprint.o)
                              C:\Users\Giovani\Documents\LPCXpresso_6.1.4_194\workspace\FreeRTOS_Library\Debug\libFreeRTOS_Library.a(basic_io.o) (consoleprint)
C:\Users\Giovani\Documents\LPCXpresso_6.1.4_194\workspace\FreeRTOS_Library\Debug\libFreeRTOS_Library.a(queue.o)
                              ./main.o (xQueueCreate)
C:\Users\Giovani\Documents\LPCXpresso_6.1.4_194\workspace\FreeRTOS_Library\Debug\libFreeRTOS_Library.a(tasks.o)
                              ./main.o (xTaskGenericCreate)
C:\Users\Giovani\Documents\LPCXpresso_6.1.4_194\workspace\FreeRTOS_Library\Debug\libFreeRTOS_Library.a(heap_2.o)
                              C:\Users\Giovani\Documents\LPCXpresso_6.1.4_194\workspace\FreeRTOS_Library\Debug\libFreeRTOS_Library.a(queue.o) (pvPortMalloc)
C:\Users\Giovani\Documents\LPCXpresso_6.1.4_194\workspace\FreeRTOS_Library\Debug\libFreeRTOS_Library.a(list.o)
                              C:\Users\Giovani\Documents\LPCXpresso_6.1.4_194\workspace\FreeRTOS_Library\Debug\libFreeRTOS_Library.a(queue.o) (vListInitialise)
c:/nxp/lpcxpresso_6.1.4_194/lpcxpresso/tools/bin/../lib/gcc/arm-none-eabi/4.6.2/../../../../arm-none-eabi/lib/armv7-m\libcr_semihost.a(__sys_write.o)
                              C:\Users\Giovani\Documents\LPCXpresso_6.1.4_194\workspace\FreeRTOS_Library\Debug\libFreeRTOS_Library.a(consoleprint.o) (__write)
c:/nxp/lpcxpresso_6.1.4_194/lpcxpresso/tools/bin/../lib/gcc/arm-none-eabi/4.6.2/../../../../arm-none-eabi/lib/armv7-m\libcr_semihost.a(_cr__main.o)
                              ./cr_startup_lpc17.o (__main)
c:/nxp/lpcxpresso_6.1.4_194/lpcxpresso/tools/bin/../lib/gcc/arm-none-eabi/4.6.2/../../../../arm-none-eabi/lib/armv7-m\libcr_c.a(memcpy.o)
                              ./src/eeprom.o (memcpy)
c:/nxp/lpcxpresso_6.1.4_194/lpcxpresso/tools/bin/../lib/gcc/arm-none-eabi/4.6.2/../../../../arm-none-eabi/lib/armv7-m\libcr_c.a(memset.o)
                              ./src/oled.o (memset)
c:/nxp/lpcxpresso_6.1.4_194/lpcxpresso/tools/bin/../lib/gcc/arm-none-eabi/4.6.2/../../../../arm-none-eabi/lib/armv7-m\libcr_c.a(alloc.o)
                              ./top.o (malloc)
c:/nxp/lpcxpresso_6.1.4_194/lpcxpresso/tools/bin/../lib/gcc/arm-none-eabi/4.6.2/../../../../arm-none-eabi/lib/armv7-m\libcr_c.a(fpprintf.o)
                              ./main.o (sprintf)
c:/nxp/lpcxpresso_6.1.4_194/lpcxpresso/tools/bin/../lib/gcc/arm-none-eabi/4.6.2/../../../../arm-none-eabi/lib/armv7-m\libcr_c.a(initio.o)
                              c:/nxp/lpcxpresso_6.1.4_194/lpcxpresso/tools/bin/../lib/gcc/arm-none-eabi/4.6.2/../../../../arm-none-eabi/lib/armv7-m\libcr_semihost.a(_cr__main.o) (_initio)
c:/nxp/lpcxpresso_6.1.4_194/lpcxpresso/tools/bin/../lib/gcc/arm-none-eabi/4.6.2/../../../../arm-none-eabi/lib/armv7-m\libcr_c.a(memcmp.o)
                              ./tcpip.o (memcmp)
c:/nxp/lpcxpresso_6.1.4_194/lpcxpresso/tools/bin/../lib/gcc/arm-none-eabi/4.6.2/../../../../arm-none-eabi/lib/armv7-m\libcr_c.a(printf.o)
                              c:/nxp/lpcxpresso_6.1.4_194/lpcxpresso/tools/bin/../lib/gcc/arm-none-eabi/4.6.2/../../../../arm-none-eabi/lib/armv7-m\libcr_c.a(fpprintf.o) (__vfprintf)
c:/nxp/lpcxpresso_6.1.4_194/lpcxpresso/tools/bin/../lib/gcc/arm-none-eabi/4.6.2/../../../../arm-none-eabi/lib/armv7-m\libcr_c.a(setvbuf.o)
                              c:/nxp/lpcxpresso_6.1.4_194/lpcxpresso/tools/bin/../lib/gcc/arm-none-eabi/4.6.2/../../../../arm-none-eabi/lib/armv7-m\libcr_c.a(initio.o) (setvbuf)
c:/nxp/lpcxpresso_6.1.4_194/lpcxpresso/tools/bin/../lib/gcc/arm-none-eabi/4.6.2/../../../../arm-none-eabi/lib/armv7-m\libcr_c.a(stdio.o)
                              c:/nxp/lpcxpresso_6.1.4_194/lpcxpresso/tools/bin/../lib/gcc/arm-none-eabi/4.6.2/../../../../arm-none-eabi/lib/armv7-m\libcr_c.a(fpprintf.o) (__Ciob)
c:/nxp/lpcxpresso_6.1.4_194/lpcxpresso/tools/bin/../lib/gcc/arm-none-eabi/4.6.2/../../../../arm-none-eabi/lib/armv7-m\libcr_c.a(strcpy.o)
                              C:\Users\Giovani\Documents\LPCXpresso_6.1.4_194\workspace\FreeRTOS_Library\Debug\libFreeRTOS_Library.a(basic_io.o) (strcpy)
c:/nxp/lpcxpresso_6.1.4_194/lpcxpresso/tools/bin/../lib/gcc/arm-none-eabi/4.6.2/../../../../arm-none-eabi/lib/armv7-m\libcr_c.a(strlen.o)
                              ./src/lpc17xx_uart.o (strlen)
[...]
Memory Configuration

Name             Origin             Length             Attributes
MFlash512        0x00000000         0x00080000         xr
RamLoc32         0x10000000         0x00008000         xrw
RamAHB32         0x2007c000         0x00008000         xrw
*default*        0x00000000         0xffffffff

Linker script and memory map

LOAD ./src/acc.o
LOAD ./src/eeprom.o
LOAD ./src/flash.o
LOAD ./src/font5x7.o
LOAD ./src/joystick.o
LOAD ./src/led7seg.o
LOAD ./src/light.o
LOAD ./src/lpc17xx_adc.o
LOAD ./src/lpc17xx_can.o
LOAD ./src/lpc17xx_clkpwr.o
LOAD ./src/lpc17xx_dac.o
LOAD ./src/lpc17xx_emac.o
LOAD ./src/lpc17xx_gpio.o
LOAD ./src/lpc17xx_i2c.o
LOAD ./src/lpc17xx_i2s.o
LOAD ./src/lpc17xx_libcfg_default.o
LOAD ./src/lpc17xx_mcpwm.o
LOAD ./src/lpc17xx_nvic.o
LOAD ./src/lpc17xx_pinsel.o
LOAD ./src/lpc17xx_pwm.o
LOAD ./src/lpc17xx_qei.o
LOAD ./src/lpc17xx_rit.o
LOAD ./src/lpc17xx_rtc.o
LOAD ./src/lpc17xx_spi.o
LOAD ./src/lpc17xx_ssp.o
LOAD ./src/lpc17xx_timer.o
LOAD ./src/lpc17xx_uart.o
LOAD ./src/lpc17xx_wdt.o
LOAD ./src/oled.o
LOAD ./src/pca9532.o
LOAD ./src/rgb.o
LOAD ./src/rotary.o
LOAD ./src/temp.o
LOAD ./src/uart2.o
LOAD ./cr_startup_lpc17.o
LOAD ./ethmac.o
LOAD ./ew_systick.o
LOAD ./main.o
LOAD ./tcpip.o
LOAD ./top.o
LOAD C:\Users\Giovani\Documents\LPCXpresso_6.1.4_194\workspace\CMSISv1p30_LPC17xx\Debug\libCMSISv1p30_LPC17xx.a
LOAD C:\Users\Giovani\Documents\LPCXpresso_6.1.4_194\workspace\FreeRTOS_Library\Debug\libFreeRTOS_Library.a
START GROUP
LOAD c:/nxp/lpcxpresso_6.1.4_194/lpcxpresso/tools/bin/../lib/gcc/arm-none-eabi/4.6.2/../../../../arm-none-eabi/lib/armv7-m\libcr_semihost.a
LOAD c:/nxp/lpcxpresso_6.1.4_194/lpcxpresso/tools/bin/../lib/gcc/arm-none-eabi/4.6.2/../../../../arm-none-eabi/lib/armv7-m\libcr_c.a
LOAD c:/nxp/lpcxpresso_6.1.4_194/lpcxpresso/tools/bin/../lib/gcc/arm-none-eabi/4.6.2/armv7-m\libcr_eabihelpers.a
END GROUP
                0x00080000                __top_MFlash512 = 0x80000
                0x10008000                __top_RamLoc32 = 0x10008000
                0x20084000                __top_RamAHB32 = 0x20084000

.text           0x00000000     0xa3d0
 FILL mask 0xff
                0x00000000                __vectors_start__ = ABSOLUTE (.)
 *(.isr_vector)
 .isr_vector    0x00000000       0xcc ./cr_startup_lpc17.o
                0x00000000                g_pfnVectors
                0x000000cc                . = ALIGN (0x4)
                0x000000cc                __section_table_start = .
                0x000000cc                __data_section_table = .
                0x000000cc        0x4 LONG 0xa3d0 LOADADDR (.data)
                0x000000d0        0x4 LONG 0x10000000 ADDR (.data)
                0x000000d4        0x4 LONG 0x14 SIZEOF (.data)
                0x000000d8        0x4 LONG 0xa3d0 LOADADDR (.data_RAM2)
                0x000000dc        0x4 LONG 0x2007c000 ADDR (.data_RAM2)
                0x000000e0        0x4 LONG 0x0 SIZEOF (.data_RAM2)
                0x000000e4                __data_section_table_end = .
                0x000000e4                __bss_section_table = .
                0x000000e4        0x4 LONG 0x10000018 ADDR (.bss)
                0x000000e8        0x4 LONG 0x35f8 SIZEOF (.bss)
                0x000000ec        0x4 LONG 0x2007c000 ADDR (.bss_RAM2)
                0x000000f0        0x4 LONG 0x0 SIZEOF (.bss_RAM2)
                0x000000f4                __bss_section_table_end = .
                0x000000f4                __section_table_end = .
 *(.after_vectors*)
 *(.text*)
 .text.I2CRead  0x000000f4       0x5c ./src/light.o
 .text.I2CWrite
                0x00000150       0x5c ./src/light.o
 .text.light_init
                0x000001ac        0xc ./src/light.o
                0x000001ac                light_init
 .text.light_enable
                0x000001b8       0x48 ./src/light.o
                0x000001b8                light_enable
 .text.light_read
                0x00000200       0x90 ./src/light.o
                0x00000200                light_read
 .text.CLKPWR_SetPCLKDiv
                0x00000290       0xcc ./src/lpc17xx_clkpwr.o
                0x00000290                CLKPWR_SetPCLKDiv
 .text.CLKPWR_GetPCLKSEL
                0x0000035c       0x54 ./src/lpc17xx_clkpwr.o
                0x0000035c                CLKPWR_GetPCLKSEL
 .text.CLKPWR_GetPCLK
                0x000003b0       0x74 ./src/lpc17xx_clkpwr.o
                0x000003b0                CLKPWR_GetPCLK
 .text.CLKPWR_ConfigPPWR
                0x00000424       0x78 ./src/lpc17xx_clkpwr.o
                0x00000424                CLKPWR_ConfigPPWR
 .text.GPIO_GetPointer
                0x0000049c       0x7c ./src/lpc17xx_gpio.o
 .text.GPIO_SetDir
                0x00000518       0x54 ./src/lpc17xx_gpio.o
                0x00000518                GPIO_SetDir
 .text.GPIO_SetValue
                0x0000056c       0x2c ./src/lpc17xx_gpio.o
                0x0000056c                GPIO_SetValue
 .text.GPIO_ClearValue
                0x00000598       0x2c ./src/lpc17xx_gpio.o
                0x00000598                GPIO_ClearValue
 .text.NVIC_EnableIRQ
                0x000005c4       0x38 ./src/lpc17xx_i2c.o
 .text.NVIC_DisableIRQ
                0x000005fc       0x3c ./src/lpc17xx_i2c.o
 .text.I2C_getNum
                0x00000638       0x54 ./src/lpc17xx_i2c.o
 .text.I2C_Start
                0x0000068c       0x44 ./src/lpc17xx_i2c.o
 .text.I2C_Stop
                0x000006d0       0x38 ./src/lpc17xx_i2c.o
 .text.I2C_SendByte
                0x00000708       0x50 ./src/lpc17xx_i2c.o
 .text.I2C_GetByte
                0x00000758       0x5c ./src/lpc17xx_i2c.o
 .text.I2C_IntCmd
                0x000007b4       0xa8 ./src/lpc17xx_i2c.o
                0x000007b4                I2C_IntCmd
 .text.I2C_MasterHandler
                0x0000085c      0x408 ./src/lpc17xx_i2c.o
                0x0000085c                I2C_MasterHandler
 .text.I2C_SetClock
                0x00000c64       0xc8 ./src/lpc17xx_i2c.o
                0x00000c64                I2C_SetClock
 .text.I2C_Init
                0x00000d2c       0xd8 ./src/lpc17xx_i2c.o
                0x00000d2c                I2C_Init
 .text.I2C_Cmd  0x00000e04       0x84 ./src/lpc17xx_i2c.o
                0x00000e04                I2C_Cmd
 .text.I2C_MasterTransferData
                0x00000e88      0x390 ./src/lpc17xx_i2c.o
                0x00000e88                I2C_MasterTransferData
 .text.check_failed
                0x00001218        0xc ./src/lpc17xx_libcfg_default.o
                0x00001218                check_failed
 .text.PINSEL_SetPinFunc
                0x00001224       0x9c ./src/lpc17xx_pinsel.o
                0x00001224                PINSEL_SetPinFunc
 .text.PINSEL_SetResistorMode
                0x000012c0       0x9c ./src/lpc17xx_pinsel.o
                0x000012c0                PINSEL_SetResistorMode
 .text.PINSEL_SetOpenDrainMode
                0x0000135c       0x7c ./src/lpc17xx_pinsel.o
                0x0000135c                PINSEL_SetOpenDrainMode
 .text.PINSEL_ConfigPin
                0x000013d8       0x54 ./src/lpc17xx_pinsel.o
                0x000013d8                PINSEL_ConfigPin
 .text.SSP_getNum
                0x0000142c       0x40 ./src/lpc17xx_ssp.o
 .text.SSP_IntHandler
                0x0000146c      0x338 ./src/lpc17xx_ssp.o
                0x0000146c                SSP_IntHandler
 .text.SSP_SetClock
                0x000017a4       0xf8 ./src/lpc17xx_ssp.o
                0x000017a4                SSP_SetClock
 .text.SSP_Init
                0x0000189c      0x10c ./src/lpc17xx_ssp.o
                0x0000189c                SSP_Init
 .text.SSP_ConfigStructInit
                0x000019a8       0x48 ./src/lpc17xx_ssp.o
                0x000019a8                SSP_ConfigStructInit
 .text.SSP_Cmd  0x000019f0       0x7c ./src/lpc17xx_ssp.o
                0x000019f0                SSP_Cmd
 .text.SSP_SendData
                0x00001a6c       0x48 ./src/lpc17xx_ssp.o
                0x00001a6c                SSP_SendData
 .text.SSP_ReceiveData
                0x00001ab4       0x44 ./src/lpc17xx_ssp.o
                0x00001ab4                SSP_ReceiveData
 .text.SSP_ReadWrite
                0x00001af8      0x440 ./src/lpc17xx_ssp.o
                0x00001af8                SSP_ReadWrite
 .text.writeCommand
                0x00001f38       0x60 ./src/oled.o
 .text.writeData
                0x00001f98       0x60 ./src/oled.o
 .text.writeDataLen
                0x00001ff8       0x8c ./src/oled.o
 .text.runInitSequence
                0x00002084      0x118 ./src/oled.o
 .text.hLine    0x0000219c       0x4c ./src/oled.o
 .text.vLine    0x000021e8       0x4c ./src/oled.o
 .text.oled_init
                0x00002234       0x9c ./src/oled.o
                0x00002234                oled_init
 .text.oled_putPixel
                0x000022d0      0x188 ./src/oled.o
                0x000022d0                oled_putPixel
 .text.oled_line
                0x00002458      0x1d4 ./src/oled.o
                0x00002458                oled_line
 .text.oled_fillRect
                0x0000262c       0x90 ./src/oled.o
                0x0000262c                oled_fillRect
 .text.oled_clearScreen
                0x000026bc       0x74 ./src/oled.o
                0x000026bc                oled_clearScreen
 .text.oled_putChar
                0x00002730       0xf0 ./src/oled.o
                0x00002730                oled_putChar
 .text.oled_putString
                0x00002820       0x54 ./src/oled.o
                0x00002820                oled_putString
 .text.ResetISR
                0x00002874       0x68 ./cr_startup_lpc17.o
                0x00002874                ResetISR
 .text.NMI_Handler
                0x000028dc        0x8 ./cr_startup_lpc17.o
                0x000028dc                NMI_Handler
 .text.HardFault_Handler
                0x000028e4        0x8 ./cr_startup_lpc17.o
                0x000028e4                HardFault_Handler
 .text.MemManage_Handler
                0x000028ec        0x8 ./cr_startup_lpc17.o
                0x000028ec                MemManage_Handler
 .text.BusFault_Handler
                0x000028f4        0x8 ./cr_startup_lpc17.o
                0x000028f4                BusFault_Handler
 .text.UsageFault_Handler
                0x000028fc        0x8 ./cr_startup_lpc17.o
                0x000028fc                UsageFault_Handler
 .text.DebugMon_Handler
                0x00002904        0x8 ./cr_startup_lpc17.o
                0x00002904                DebugMon_Handler
 .text.IntDefaultHandler
                0x0000290c        0x8 ./cr_startup_lpc17.o
                0x0000290c                TIMER2_IRQHandler
                0x0000290c                RIT_IRQHandler
                0x0000290c                I2C0_IRQHandler
                0x0000290c                USBActivity_IRQHandler
                0x0000290c                PWM1_IRQHandler
                0x0000290c                I2C1_IRQHandler
                0x0000290c                EINT2_IRQHandler
                0x0000290c                UART1_IRQHandler
                0x0000290c                EINT3_IRQHandler
                0x0000290c                CANActivity_IRQHandler
                0x0000290c                TIMER3_IRQHandler
                0x0000290c                UART0_IRQHandler
                0x0000290c                IntDefaultHandler
                0x0000290c                PLL0_IRQHandler
                0x0000290c                CAN_IRQHandler
                0x0000290c                PLL1_IRQHandler
                0x0000290c                SSP0_IRQHandler
                0x0000290c                I2S_IRQHandler
                0x0000290c                I2C2_IRQHandler
                0x0000290c                RTC_IRQHandler
                0x0000290c                TIMER0_IRQHandler
                0x0000290c                SPI_IRQHandler
                0x0000290c                EINT1_IRQHandler
                0x0000290c                TIMER1_IRQHandler
                0x0000290c                UART2_IRQHandler
                0x0000290c                ADC_IRQHandler
                0x0000290c                SSP1_IRQHandler
                0x0000290c                USB_IRQHandler
                0x0000290c                BOD_IRQHandler
                0x0000290c                WDT_IRQHandler
                0x0000290c                QEI_IRQHandler
                0x0000290c                EINT0_IRQHandler
                0x0000290c                DMA_IRQHandler
                0x0000290c                UART3_IRQHandler
                0x0000290c                MCPWM_IRQHandler
                0x0000290c                ENET_IRQHandler
 .text.WriteToPHY
                0x00002914       0x58 ./ethmac.o
                0x00002914                WriteToPHY
 .text.ReadFromPHY
                0x0000296c       0x70 ./ethmac.o
                0x0000296c                ReadFromPHY
 .text.Init_EthMAC
                0x000029dc      0x478 ./ethmac.o
                0x000029dc                Init_EthMAC
 .text.WriteFrame_EthMAC
                0x00002e54       0x30 ./ethmac.o
                0x00002e54                WriteFrame_EthMAC
 .text.CopyToFrame_EthMAC
                0x00002e84       0x70 ./ethmac.o
                0x00002e84                CopyToFrame_EthMAC
 .text.ReadFrame_EthMAC
                0x00002ef4       0x28 ./ethmac.o
                0x00002ef4                ReadFrame_EthMAC
 .text.ReadFrameBE_EthMAC
                0x00002f1c       0x38 ./ethmac.o
                0x00002f1c                ReadFrameBE_EthMAC
 .text.CopyFromFrame_EthMAC
                0x00002f54       0x50 ./ethmac.o
                0x00002f54                CopyFromFrame_EthMAC
 .text.DummyReadFrame_EthMAC
                0x00002fa4       0x28 ./ethmac.o
                0x00002fa4                DummyReadFrame_EthMAC
 .text.RequestSend
                0x00002fcc       0x54 ./ethmac.o
                0x00002fcc                RequestSend
 .text.Rdy4Tx   0x00003020       0x10 ./ethmac.o
                0x00003020                Rdy4Tx
 .text.StartReadingFrame
                0x00003030       0x60 ./ethmac.o
                0x00003030                StartReadingFrame
 .text.StopReadingFrame
                0x00003090       0x38 ./ethmac.o
                0x00003090                StopReadingFrame
 .text.CheckIfFrameReceived
                0x000030c8       0x2c ./ethmac.o
                0x000030c8                CheckIfFrameReceived
 .text.NVIC_SetPriority
                0x000030f4       0x5c ./ew_systick.o
 .text.SysTick_Config
                0x00003150       0x64 ./ew_systick.o
 .text.Start_SysTick10ms
                0x000031b4       0x30 ./ew_systick.o
                0x000031b4                Start_SysTick10ms
 .text.init_ssp
                0x000031e4       0x98 ./main.o
 .text.init_i2c
                0x0000327c       0x5c ./main.o
 .text.getLuz   0x000032d8       0x10 ./main.o
                0x000032d8                getLuz
 .text.upadateSensorLuz
                0x000032e8       0x50 ./main.o
                0x000032e8                upadateSensorLuz
 .text.getLuzPercent
                0x00003338       0x40 ./main.o
                0x00003338                getLuzPercent
 .text.showLuzPercente
                0x00003378       0xd8 ./main.o
                0x00003378                showLuzPercente
 .text.init_hardware
                0x00003450       0xf4 ./main.o
                0x00003450                init_hardware
 .text.serverWeb
                0x00003544       0x30 ./main.o
                0x00003544                serverWeb
 .text.InsertDynamicValues
                0x00003574      0x1bc ./main.o
                0x00003574                InsertDynamicValues
 .text.HTTPServer
                0x00003730      0x210 ./main.o
                0x00003730                HTTPServer
 .text.updateDisplay
                0x00003940       0x74 ./main.o
                0x00003940                updateDisplay
 .text.updateServer
                0x000039b4       0x10 ./main.o
                0x000039b4                updateServer
 .text.main     0x000039c4      0x110 ./main.o
                0x000039c4                main
 .text.vSenderTask
                0x00003ad4       0x34 ./main.o
 .text.vReceiverTask
                0x00003b08       0x74 ./main.o
 .text.vApplicationMallocFailedHook
                0x00003b7c        0x8 ./main.o
                0x00003b7c                vApplicationMallocFailedHook
 .text.vApplicationStackOverflowHook
                0x00003b84        0xc ./main.o
                0x00003b84                vApplicationStackOverflowHook
 .text.vApplicationIdleHook
                0x00003b90        0xc ./main.o
                0x00003b90                vApplicationIdleHook
 .text.vApplicationTickHook
                0x00003b9c        0xc ./main.o
                0x00003b9c                vApplicationTickHook
 .text.TCPLowLevelInit
                0x00003ba8       0x54 ./tcpip.o
                0x00003ba8                TCPLowLevelInit
 .text.TCPPassiveOpen
                0x00003bfc       0x50 ./tcpip.o
                0x00003bfc                TCPPassiveOpen
 .text.TCPClose
                0x00003c4c       0x7c ./tcpip.o
                0x00003c4c                TCPClose
 .text.TCPReleaseRxBuffer
                0x00003cc8       0x24 ./tcpip.o
                0x00003cc8                TCPReleaseRxBuffer
 .text.TCPTransmitTxBuffer
                0x00003cec       0xb8 ./tcpip.o
                0x00003cec                TCPTransmitTxBuffer
 .text.BroadcastMessage
                0x00003da4       0x68 ./tcpip.o
                0x00003da4                BroadcastMessage
 .text.DoNetworkStuff
                0x00003e0c      0x3c4 ./tcpip.o
                0x00003e0c                DoNetworkStuff
 .text.ProcessEthBroadcastFrame
                0x000041d0       0x9c ./tcpip.o
                0x000041d0                ProcessEthBroadcastFrame
 .text.ProcessEthIAFrame
                0x0000426c      0x138 ./tcpip.o
                0x0000426c                ProcessEthIAFrame
 .text.ProcessICMPFrame
                0x000043a4       0x2c ./tcpip.o
                0x000043a4                ProcessICMPFrame
 .text.ProcessTCPFrame
                0x000043d0      0x778 ./tcpip.o
                0x000043d0                ProcessTCPFrame
 .text.PrepareARP_REQUEST
                0x00004b48      0x170 ./tcpip.o
                0x00004b48                PrepareARP_REQUEST
 .text.PrepareARP_ANSWER
                0x00004cb8      0x114 ./tcpip.o
                0x00004cb8                PrepareARP_ANSWER
 .text.PrepareICMP_ECHO_REPLY
                0x00004dcc      0x1ec ./tcpip.o
                0x00004dcc                PrepareICMP_ECHO_REPLY
 .text.PrepareTCP_FRAME
                0x00004fb8      0x270 ./tcpip.o
                0x00004fb8                PrepareTCP_FRAME
 .text.PrepareTCP_DATA_FRAME
                0x00005228      0x1bc ./tcpip.o
                0x00005228                PrepareTCP_DATA_FRAME
 .text.CalcChecksum
                0x000053e4       0xe4 ./tcpip.o
                0x000053e4                CalcChecksum
 .text.TCPStartRetryTimer
                0x000054c8       0x5c ./tcpip.o
                0x000054c8                TCPStartRetryTimer
 .text.TCPStartTimeWaitTimer
                0x00005524       0x4c ./tcpip.o
                0x00005524                TCPStartTimeWaitTimer
 .text.TCPRestartTimer
                0x00005570       0x18 ./tcpip.o
                0x00005570                TCPRestartTimer
 .text.TCPStopTimer
                0x00005588       0x24 ./tcpip.o
                0x00005588                TCPStopTimer
 .text.TCPHandleRetransmission
                0x000055ac       0x70 ./tcpip.o
                0x000055ac                TCPHandleRetransmission
 .text.TCPHandleTimeout
                0x0000561c       0x58 ./tcpip.o
                0x0000561c                TCPHandleTimeout
 .text.SendFrame1
                0x00005674       0x20 ./tcpip.o
                0x00005674                SendFrame1
 .text.SendFrame2
                0x00005694       0x20 ./tcpip.o
                0x00005694                SendFrame2
 .text.WriteWBE
                0x000056b4       0x34 ./tcpip.o
                0x000056b4                WriteWBE
 .text.WriteDWBE
                0x000056e8       0x58 ./tcpip.o
                0x000056e8                WriteDWBE
 .text.SwapBytes
                0x00005740       0x30 ./tcpip.o
                0x00005740                SwapBytes
 .text.top_init
                0x00005770       0x1c ./top.o
                0x00005770                top_init
 .text.top_update_values
                0x0000578c       0x5c ./top.o
                0x0000578c                top_update_values
 .text.getTopInfo
                0x000057e8       0x18 ./top.o
                0x000057e8                getTopInfo
 .text.SystemInit
                0x00005800      0x22c C:\Users\Giovani\Documents\LPCXpresso_6.1.4_194\workspace\CMSISv1p30_LPC17xx\Debug\libCMSISv1p30_LPC17xx.a(system_LPC17xx.o)
                0x00005800                SystemInit
 .text          0x00005a2c      0x154 C:\Users\Giovani\Documents\LPCXpresso_6.1.4_194\workspace\FreeRTOS_Library\Debug\libFreeRTOS_Library.a(port.o)
                0x00005a2c                pxPortInitialiseStack
                0x00005a4c                vPortSVCHandler
                0x00005a6c                vPortStartFirstTask
                0x00005a7c                xPortStartScheduler
                0x00005acc                vPortEndScheduler
                0x00005ad0                vPortYieldFromISR
                0x00005ae0                vPortEnterCritical
                0x00005afc                vPortExitCritical
                0x00005b18                xPortPendSVHandler
                0x00005b54                xPortSysTickHandler
 .text          0x00005b80       0x54 C:\Users\Giovani\Documents\LPCXpresso_6.1.4_194\workspace\FreeRTOS_Library\Debug\libFreeRTOS_Library.a(basic_io.o)
                0x00005b80                vPrintString
                0x00005ba4                vPrintStringAndNumber
 .text          0x00005bd4       0x18 C:\Users\Giovani\Documents\LPCXpresso_6.1.4_194\workspace\FreeRTOS_Library\Debug\libFreeRTOS_Library.a(consoleprint.o)
                0x00005bd4                consoleprint
 .text          0x00005bec      0x4e4 C:\Users\Giovani\Documents\LPCXpresso_6.1.4_194\workspace\FreeRTOS_Library\Debug\libFreeRTOS_Library.a(queue.o)
                0x00005cf4                xQueueCreate
                0x00005d60                xQueueCreateCountingSemaphore
                0x00005d74                xQueueGenericSend
                0x00005e58                xQueueCreateMutex
                0x00005ea4                xQueueGenericSendFromISR
                0x00005f08                xQueueGenericReceive
                0x00006020                xQueueReceiveFromISR
                0x00006088                uxQueueMessagesWaiting
                0x0000609c                uxQueueMessagesWaitingFromISR
                0x000060a0                vQueueDelete
                0x000060b4                xQueueIsQueueEmptyFromISR
                0x000060c0                xQueueIsQueueFullFromISR
 .text          0x000060d0      0xca4 C:\Users\Giovani\Documents\LPCXpresso_6.1.4_194\workspace\FreeRTOS_Library\Debug\libFreeRTOS_Library.a(tasks.o)
                0x000060d0                xTaskGenericCreate
                0x000062d0                vTaskDelete
                0x00006350                uxTaskPriorityGet
                0x00006370                vTaskPrioritySet
                0x00006424                xTaskIsTaskSuspended
                0x00006450                vTaskResume
                0x000064cc                xTaskResumeFromISR
                0x00006548                vTaskStartScheduler
                0x0000659c                vTaskEndScheduler
                0x000065bc                vTaskSuspendAll
                0x000065d4                xTaskGetTickCount
                0x000065f0                xTaskGetTickCountFromISR
                0x00006600                uxTaskGetNumberOfTasks
                0x0000660c                vTaskIncrementTick
                0x000066ec                xTaskResumeAll
                0x00006868                vTaskDelay
                0x000068c0                vTaskDelayUntil
                0x0000695c                vTaskSwitchContext
                0x00006a58                vTaskSuspend
                0x00006ae4                vTaskPlaceOnEventList
                0x00006b50                xTaskRemoveFromEventList
                0x00006bdc                vTaskSetTimeOutState
                0x00006bf4                xTaskCheckForTimeOut
                0x00006c74                vTaskMissedYield
                0x00006c88                xTaskGetCurrentTaskHandle
                0x00006c94                vTaskPriorityInherit
                0x00006d20                vTaskPriorityDisinherit
 .text          0x00006d74      0x140 C:\Users\Giovani\Documents\LPCXpresso_6.1.4_194\workspace\FreeRTOS_Library\Debug\libFreeRTOS_Library.a(heap_2.o)
                0x00006d74                pvPortMalloc
                0x00006e60                vPortFree
                0x00006ea4                xPortGetFreeHeapSize
                0x00006eb0                vPortInitialiseBlocks
 .text          0x00006eb4       0xa4 C:\Users\Giovani\Documents\LPCXpresso_6.1.4_194\workspace\FreeRTOS_Library\Debug\libFreeRTOS_Library.a(list.o)
                0x00006eb4                vListInitialise
                0x00006ecc                vListInitialiseItem
                0x00006ed4                vListInsertEnd
                0x00006ef4                vListInsert
                0x00006f30                vListRemove
 .text.__sys_write
                0x00006f58        0xc c:/nxp/lpcxpresso_6.1.4_194/lpcxpresso/tools/bin/../lib/gcc/arm-none-eabi/4.6.2/../../../../arm-none-eabi/lib/armv7-m\libcr_semihost.a(__sys_write.o)
                0x00006f58                __sys_write
                0x00006f58                __write
 .text.__main   0x00006f64       0x14 c:/nxp/lpcxpresso_6.1.4_194/lpcxpresso/tools/bin/../lib/gcc/arm-none-eabi/4.6.2/../../../../arm-none-eabi/lib/armv7-m\libcr_semihost.a(_cr__main.o)
                0x00006f64                __CR_SEMIHOST
                0x00006f64                __main
 .text.memcpy   0x00006f78        0x4 c:/nxp/lpcxpresso_6.1.4_194/lpcxpresso/tools/bin/../lib/gcc/arm-none-eabi/4.6.2/../../../../arm-none-eabi/lib/armv7-m\libcr_c.a(memcpy.o)
                0x00006f78                memcpy
 .text.memset   0x00006f7c        0x4 c:/nxp/lpcxpresso_6.1.4_194/lpcxpresso/tools/bin/../lib/gcc/arm-none-eabi/4.6.2/../../../../arm-none-eabi/lib/armv7-m\libcr_c.a(memset.o)
                0x00006f7c                memset
 .text.malloc   0x00006f80       0xbc c:/nxp/lpcxpresso_6.1.4_194/lpcxpresso/tools/bin/../lib/gcc/arm-none-eabi/4.6.2/../../../../arm-none-eabi/lib/armv7-m\libcr_c.a(alloc.o)
                0x00006f80                malloc
 .text.free     0x0000703c        0xc c:/nxp/lpcxpresso_6.1.4_194/lpcxpresso/tools/bin/../lib/gcc/arm-none-eabi/4.6.2/../../../../arm-none-eabi/lib/armv7-m\libcr_c.a(alloc.o)
                0x0000703c                free
 .text._Csys_alloc
                0x00007048       0x20 c:/nxp/lpcxpresso_6.1.4_194/lpcxpresso/tools/bin/../lib/gcc/arm-none-eabi/4.6.2/../../../../arm-none-eabi/lib/armv7-m\libcr_c.a(alloc.o)
                0x00007048                _Csys_alloc
 .text.lose_trailing_zeros
                0x00007068       0x1e c:/nxp/lpcxpresso_6.1.4_194/lpcxpresso/tools/bin/../lib/gcc/arm-none-eabi/4.6.2/../../../../arm-none-eabi/lib/armv7-m\libcr_c.a(fpprintf.o)
 .text.fp_round
                0x00007086       0x54 c:/nxp/lpcxpresso_6.1.4_194/lpcxpresso/tools/bin/../lib/gcc/arm-none-eabi/4.6.2/../../../../arm-none-eabi/lib/armv7-m\libcr_c.a(fpprintf.o)
 .text.pr_dec.constprop.1
                0x000070da       0x22 c:/nxp/lpcxpresso_6.1.4_194/lpcxpresso/tools/bin/../lib/gcc/arm-none-eabi/4.6.2/../../../../arm-none-eabi/lib/armv7-m\libcr_c.a(fpprintf.o)
 .text.sprintf  0x000070fc       0x70 c:/nxp/lpcxpresso_6.1.4_194/lpcxpresso/tools/bin/../lib/gcc/arm-none-eabi/4.6.2/../../../../arm-none-eabi/lib/armv7-m\libcr_c.a(fpprintf.o)
                0x000070fc                sprintf
 *fill*         0x0000716c        0x4 00
 .text.fp_display
                0x00007170      0x908 c:/nxp/lpcxpresso_6.1.4_194/lpcxpresso/tools/bin/../lib/gcc/arm-none-eabi/4.6.2/../../../../arm-none-eabi/lib/armv7-m\libcr_c.a(fpprintf.o)
 .text._initio  0x00007a78       0x9c c:/nxp/lpcxpresso_6.1.4_194/lpcxpresso/tools/bin/../lib/gcc/arm-none-eabi/4.6.2/../../../../arm-none-eabi/lib/armv7-m\libcr_c.a(initio.o)
                0x00007a78                _initio
 .text.memcmp   0x00007b14       0x38 c:/nxp/lpcxpresso_6.1.4_194/lpcxpresso/tools/bin/../lib/gcc/arm-none-eabi/4.6.2/../../../../arm-none-eabi/lib/armv7-m\libcr_c.a(memcmp.o)
                0x00007b14                memcmp
 .text.__vfprintf
                0x00007b4c      0xd54 c:/nxp/lpcxpresso_6.1.4_194/lpcxpresso/tools/bin/../lib/gcc/arm-none-eabi/4.6.2/../../../../arm-none-eabi/lib/armv7-m\libcr_c.a(printf.o)
                0x00007b4c                __vfprintf
 .text.setvbuf  0x000088a0       0x48 c:/nxp/lpcxpresso_6.1.4_194/lpcxpresso/tools/bin/../lib/gcc/arm-none-eabi/4.6.2/../../../../arm-none-eabi/lib/armv7-m\libcr_c.a(setvbuf.o)
                0x000088a0                setvbuf
 .text.strcpy   0x000088e8       0x44 c:/nxp/lpcxpresso_6.1.4_194/lpcxpresso/tools/bin/../lib/gcc/arm-none-eabi/4.6.2/../../../../arm-none-eabi/lib/armv7-m\libcr_c.a(strcpy.o)
                0x000088e8                strcpy
 .text.strlen   0x0000892c       0x4c c:/nxp/lpcxpresso_6.1.4_194/lpcxpresso/tools/bin/../lib/gcc/arm-none-eabi/4.6.2/../../../../arm-none-eabi/lib/armv7-m\libcr_c.a(strlen.o)
                0x0000892c                strlen
 .text.strncpy  0x00008978       0x54 c:/nxp/lpcxpresso_6.1.4_194/lpcxpresso/tools/bin/../lib/gcc/arm-none-eabi/4.6.2/../../../../arm-none-eabi/lib/armv7-m\libcr_c.a(strncpy.o)
                0x00008978                strncpy
 .text._deferredlazyseek
                0x000089cc       0x44 c:/nxp/lpcxpresso_6.1.4_194/lpcxpresso/tools/bin/../lib/gcc/arm-none-eabi/4.6.2/../../../../arm-none-eabi/lib/armv7-m\libcr_c.a(_deferredlazyseek.o)
                0x000089cc                _deferredlazyseek
 .text.__flsbuf
                0x00008a10      0x14e c:/nxp/lpcxpresso_6.1.4_194/lpcxpresso/tools/bin/../lib/gcc/arm-none-eabi/4.6.2/../../../../arm-none-eabi/lib/armv7-m\libcr_c.a(_deferredlazyseek.o)
                0x00008a10                __flsbuf
 .text._fdopen  0x00008b5e       0x6c c:/nxp/lpcxpresso_6.1.4_194/lpcxpresso/tools/bin/../lib/gcc/arm-none-eabi/4.6.2/../../../../arm-none-eabi/lib/armv7-m\libcr_c.a(_fdopen.o)
                0x00008b5e                _fdopen
 .text._fflush  0x00008bca       0x58 c:/nxp/lpcxpresso_6.1.4_194/lpcxpresso/tools/bin/../lib/gcc/arm-none-eabi/4.6.2/../../../../arm-none-eabi/lib/armv7-m\libcr_c.a(_fflush.o)
                0x00008bca                _fflush
 .text._frexpl  0x00008c22       0x60 c:/nxp/lpcxpresso_6.1.4_194/lpcxpresso/tools/bin/../lib/gcc/arm-none-eabi/4.6.2/../../../../arm-none-eabi/lib/armv7-m\libcr_c.a(_frexpl.o)
                0x00008c22                _frexpl
 *fill*         0x00008c82        0x2 00
 .text._ldexpl  0x00008c84       0x50 c:/nxp/lpcxpresso_6.1.4_194/lpcxpresso/tools/bin/../lib/gcc/arm-none-eabi/4.6.2/../../../../arm-none-eabi/lib/armv7-m\libcr_c.a(_ldexpl.o)
                0x00008c84                _ldexpl
 .text._Cwritebuf
                0x00008cd4       0x84 c:/nxp/lpcxpresso_6.1.4_194/lpcxpresso/tools/bin/../lib/gcc/arm-none-eabi/4.6.2/../../../../arm-none-eabi/lib/armv7-m\libcr_c.a(_writebuf.o)
                0x00008cd4                _Cwritebuf
 .text.fclose   0x00008d58       0x6c c:/nxp/lpcxpresso_6.1.4_194/lpcxpresso/tools/bin/../lib/gcc/arm-none-eabi/4.6.2/../../../../arm-none-eabi/lib/armv7-m\libcr_c.a(fclose.o)
                0x00008d58                fclose
 .text.fflush   0x00008dc4       0x34 c:/nxp/lpcxpresso_6.1.4_194/lpcxpresso/tools/bin/../lib/gcc/arm-none-eabi/4.6.2/../../../../arm-none-eabi/lib/armv7-m\libcr_c.a(fflush.o)
                0x00008dc4                fflush
 .text.fseek    0x00008df8      0x104 c:/nxp/lpcxpresso_6.1.4_194/lpcxpresso/tools/bin/../lib/gcc/arm-none-eabi/4.6.2/../../../../arm-none-eabi/lib/armv7-m\libcr_c.a(fseek.o)
                0x00008df8                fseek
 .text.ftell    0x00008efc       0x4c c:/nxp/lpcxpresso_6.1.4_194/lpcxpresso/tools/bin/../lib/gcc/arm-none-eabi/4.6.2/../../../../arm-none-eabi/lib/armv7-m\libcr_c.a(ftell.o)
                0x00008efc                ftell
 .text.remove   0x00008f48       0x14 c:/nxp/lpcxpresso_6.1.4_194/lpcxpresso/tools/bin/../lib/gcc/arm-none-eabi/4.6.2/../../../../arm-none-eabi/lib/armv7-m\libcr_c.a(remove.o)
                0x00008f48                remove
 .text._do_fflush
                0x00008f5c       0x42 c:/nxp/lpcxpresso_6.1.4_194/lpcxpresso/tools/bin/../lib/gcc/arm-none-eabi/4.6.2/../../../../arm-none-eabi/lib/armv7-m\libcr_c.a(_do_fflush.o)
                0x00008f5c                _do_fflush
 *fill*         0x00008f9e        0x2 00
 .text.__aeabi_dmul
                0x00008fa0      0x138 c:/nxp/lpcxpresso_6.1.4_194/lpcxpresso/tools/bin/../lib/gcc/arm-none-eabi/4.6.2/armv7-m\libcr_eabihelpers.a(double.o)
                0x00008fa0                __aeabi_dmul
 .text.__aeabi_ddiv
                0x000090d8      0x168 c:/nxp/lpcxpresso_6.1.4_194/lpcxpresso/tools/bin/../lib/gcc/arm-none-eabi/4.6.2/armv7-m\libcr_eabihelpers.a(double.o)
                0x000090d8                __aeabi_ddiv
 .text.__aeabi_dsub
                0x00009240      0x1f4 c:/nxp/lpcxpresso_6.1.4_194/lpcxpresso/tools/bin/../lib/gcc/arm-none-eabi/4.6.2/armv7-m\libcr_eabihelpers.a(double.o)
                0x00009240                __aeabi_dsub
 .text.__aeabi_dadd
                0x00009434      0x154 c:/nxp/lpcxpresso_6.1.4_194/lpcxpresso/tools/bin/../lib/gcc/arm-none-eabi/4.6.2/armv7-m\libcr_eabihelpers.a(double.o)
                0x00009434                __aeabi_dadd
 .text.__aeabi_d2iz
                0x00009588       0x40 c:/nxp/lpcxpresso_6.1.4_194/lpcxpresso/tools/bin/../lib/gcc/arm-none-eabi/4.6.2/armv7-m\libcr_eabihelpers.a(double.o)
                0x00009588                __aeabi_d2iz
 .text.__aeabi_d2uiz
                0x000095c8       0x30 c:/nxp/lpcxpresso_6.1.4_194/lpcxpresso/tools/bin/../lib/gcc/arm-none-eabi/4.6.2/armv7-m\libcr_eabihelpers.a(double.o)
                0x000095c8                __aeabi_d2uiz
 .text.__bhs_ui2d
                0x000095f8       0x5c c:/nxp/lpcxpresso_6.1.4_194/lpcxpresso/tools/bin/../lib/gcc/arm-none-eabi/4.6.2/armv7-m\libcr_eabihelpers.a(double.o)
                0x000095f8                __bhs_ui2d
 .text.__aeabi_i2d
                0x00009654       0x10 c:/nxp/lpcxpresso_6.1.4_194/lpcxpresso/tools/bin/../lib/gcc/arm-none-eabi/4.6.2/armv7-m\libcr_eabihelpers.a(double.o)
                0x00009654                __aeabi_i2d
 .text.__aeabi_dcmpeq
                0x00009664       0x3c c:/nxp/lpcxpresso_6.1.4_194/lpcxpresso/tools/bin/../lib/gcc/arm-none-eabi/4.6.2/armv7-m\libcr_eabihelpers.a(double.o)
                0x00009664                __aeabi_dcmpeq
 .text.__aeabi_dcmplt
                0x000096a0       0x5c c:/nxp/lpcxpresso_6.1.4_194/lpcxpresso/tools/bin/../lib/gcc/arm-none-eabi/4.6.2/armv7-m\libcr_eabihelpers.a(double.o)
                0x000096a0                __aeabi_dcmplt
 .text.__aeabi_dcmple
                0x000096fc       0x58 c:/nxp/lpcxpresso_6.1.4_194/lpcxpresso/tools/bin/../lib/gcc/arm-none-eabi/4.6.2/armv7-m\libcr_eabihelpers.a(double.o)
                0x000096fc                __aeabi_dcmple
 .text.__aeabi_dcmpge
                0x00009754       0x5c c:/nxp/lpcxpresso_6.1.4_194/lpcxpresso/tools/bin/../lib/gcc/arm-none-eabi/4.6.2/armv7-m\libcr_eabihelpers.a(double.o)
                0x00009754                __aeabi_dcmpge
 .text.__aeabi_memcpy
                0x000097b0       0x26 c:/nxp/lpcxpresso_6.1.4_194/lpcxpresso/tools/bin/../lib/gcc/arm-none-eabi/4.6.2/armv7-m\libcr_eabihelpers.a(memcpy.o)
                0x000097b0                __aeabi_memcpy4
                0x000097b0                __aeabi_memcpy8
                0x000097b0                __aeabi_memcpy
 .text.__aeabi_memset_lowlevel
                0x000097d6       0x24 c:/nxp/lpcxpresso_6.1.4_194/lpcxpresso/tools/bin/../lib/gcc/arm-none-eabi/4.6.2/armv7-m\libcr_eabihelpers.a(memcpy.o)
                0x000097d6                __aeabi_lowlevel_memset
 *fill*         0x000097fa        0x2 00
 .text.__sys_appexit
                0x000097fc        0xc c:/nxp/lpcxpresso_6.1.4_194/lpcxpresso/tools/bin/../lib/gcc/arm-none-eabi/4.6.2/../../../../arm-none-eabi/lib/armv7-m\libcr_semihost.a(__sys_appexit.o)
                0x000097fc                __sys_appexit
                0x000097fc                __exit
 .text.__sys_close
                0x00009808        0xc c:/nxp/lpcxpresso_6.1.4_194/lpcxpresso/tools/bin/../lib/gcc/arm-none-eabi/4.6.2/../../../../arm-none-eabi/lib/armv7-m\libcr_semihost.a(__sys_close.o)
                0x00009808                __sys_close
 .text.__sys_flen
                0x00009814        0xc c:/nxp/lpcxpresso_6.1.4_194/lpcxpresso/tools/bin/../lib/gcc/arm-none-eabi/4.6.2/../../../../arm-none-eabi/lib/armv7-m\libcr_semihost.a(__sys_flen.o)
                0x00009814                __sys_flen
 .text.__sys_istty
                0x00009820        0xc c:/nxp/lpcxpresso_6.1.4_194/lpcxpresso/tools/bin/../lib/gcc/arm-none-eabi/4.6.2/../../../../arm-none-eabi/lib/armv7-m\libcr_semihost.a(__sys_istty.o)
                0x00009820                __sys_istty
 .text.__sys_remove
                0x0000982c        0xc c:/nxp/lpcxpresso_6.1.4_194/lpcxpresso/tools/bin/../lib/gcc/arm-none-eabi/4.6.2/../../../../arm-none-eabi/lib/armv7-m\libcr_semihost.a(__sys_remove.o)
                0x0000982c                __sys_remove
 .text.__sys_seek
                0x00009838        0xc c:/nxp/lpcxpresso_6.1.4_194/lpcxpresso/tools/bin/../lib/gcc/arm-none-eabi/4.6.2/../../../../arm-none-eabi/lib/armv7-m\libcr_semihost.a(__sys_seek.o)
                0x00009838                __sys_seek
 .text.__sys_tmpnam
                0x00009844        0xc c:/nxp/lpcxpresso_6.1.4_194/lpcxpresso/tools/bin/../lib/gcc/arm-none-eabi/4.6.2/../../../../arm-none-eabi/lib/armv7-m\libcr_semihost.a(__sys_tmpnam.o)
                0x00009844                __sys_tmpnam
 .text._sbrk    0x00009850       0x40 c:/nxp/lpcxpresso_6.1.4_194/lpcxpresso/tools/bin/../lib/gcc/arm-none-eabi/4.6.2/../../../../arm-none-eabi/lib/armv7-m\libcr_semihost.a(_cr_sbrk.o)
                0x00009850                _sbrk
 .text.__check_heap_overflow
                0x00009890       0x2c c:/nxp/lpcxpresso_6.1.4_194/lpcxpresso/tools/bin/../lib/gcc/arm-none-eabi/4.6.2/../../../../arm-none-eabi/lib/armv7-m\libcr_semihost.a(_cr_check_heap.o)
                0x00009890                __check_heap_overflow
 *(.rodata .rodata.* .constdata .constdata.*)
 .rodata        0x000098bc      0x300 ./src/font5x7.o
                0x000098bc                font5x7
 .rodata        0x00009bbc       0x18 ./src/lpc17xx_i2c.o
 .rodata        0x00009bd4       0x18 ./src/lpc17xx_ssp.o
 .rodata        0x00009bec        0x8 ./src/oled.o
 .rodata        0x00009bf4      0x724 ./main.o
                0x00009bf4                GetResponse
                0x00009c24                MyIP
                0x00009c28                SubnetMask
                0x00009c2c                GatewayIP
                0x00009c30                WebSide
 .rodata        0x0000a318        0x8 ./tcpip.o
                0x0000a318                MyMAC
 .rodata.str1.4
                0x0000a320        0x8 C:\Users\Giovani\Documents\LPCXpresso_6.1.4_194\workspace\FreeRTOS_Library\Debug\libFreeRTOS_Library.a(basic_io.o)
 .rodata        0x0000a328       0x14 C:\Users\Giovani\Documents\LPCXpresso_6.1.4_194\workspace\FreeRTOS_Library\Debug\libFreeRTOS_Library.a(tasks.o)
 .rodata.str1.4
                0x0000a33c        0x8 C:\Users\Giovani\Documents\LPCXpresso_6.1.4_194\workspace\FreeRTOS_Library\Debug\libFreeRTOS_Library.a(tasks.o)
 .rodata.str1.1
                0x0000a344       0x18 c:/nxp/lpcxpresso_6.1.4_194/lpcxpresso/tools/bin/../lib/gcc/arm-none-eabi/4.6.2/../../../../arm-none-eabi/lib/armv7-m\libcr_c.a(alloc.o)
 .rodata.str1.1
                0x0000a35c       0x34 c:/nxp/lpcxpresso_6.1.4_194/lpcxpresso/tools/bin/../lib/gcc/arm-none-eabi/4.6.2/../../../../arm-none-eabi/lib/armv7-m\libcr_c.a(fpprintf.o)
                                 0x35 (size before relaxing)
 .rodata.str1.1
                0x0000a390        0x4 c:/nxp/lpcxpresso_6.1.4_194/lpcxpresso/tools/bin/../lib/gcc/arm-none-eabi/4.6.2/../../../../arm-none-eabi/lib/armv7-m\libcr_c.a(initio.o)
 .rodata.str1.1
                0x0000a394       0x31 c:/nxp/lpcxpresso_6.1.4_194/lpcxpresso/tools/bin/../lib/gcc/arm-none-eabi/4.6.2/../../../../arm-none-eabi/lib/armv7-m\libcr_c.a(printf.o)
                                 0x38 (size before relaxing)
 *fill*         0x0000a3c5        0x3 00
 .rodata.__huge_vall
                0x0000a3c8        0x8 c:/nxp/lpcxpresso_6.1.4_194/lpcxpresso/tools/bin/../lib/gcc/arm-none-eabi/4.6.2/../../../../arm-none-eabi/lib/armv7-m\libcr_c.a(_hugeval.o)
                0x0000a3c8                __huge_vall
                0x0000a3d0                . = ALIGN (0x4)

.glue_7         0x0000a3d0        0x0
 .glue_7        0x00000000        0x0 linker stubs

.glue_7t        0x0000a3d0        0x0
 .glue_7t       0x00000000        0x0 linker stubs

.vfp11_veneer   0x0000a3d0        0x0
 .vfp11_veneer  0x00000000        0x0 linker stubs

.v4_bx          0x0000a3d0        0x0
 .v4_bx         0x00000000        0x0 linker stubs

.ARM.extab
 *(.ARM.extab* .gnu.linkonce.armextab.*)
                0x0000a3d0                __exidx_start = .

.ARM.exidx
 *(.ARM.exidx* .gnu.linkonce.armexidx.*)
                0x0000a3d0                __exidx_end = .
                0x0000a3d0                _etext = .

.data_RAM2      0x2007c000        0x0 load address 0x0000a3d0
 FILL mask 0xff
 *(.data.$RAM2*)
 *(.data.$RamAHB32*)
                0x2007c000                . = ALIGN (0x4)

.uninit_RESERVED
                0x10000000        0x0
 *(.bss.$RESERVED*)
                0x10000000                . = ALIGN (0x4)
                0x10000000                _end_uninit_RESERVED = .

.data           0x10000000       0x14 load address 0x0000a3d0
 FILL mask 0xff
                0x10000000                _data = .
 *(vtable)
 *(.data*)
 .data          0x10000000        0x8 ./src/light.o
 .data          0x10000008        0x4 C:\Users\Giovani\Documents\LPCXpresso_6.1.4_194\workspace\CMSISv1p30_LPC17xx\Debug\libCMSISv1p30_LPC17xx.a(system_LPC17xx.o)
                0x10000008                SystemCoreClock
 .data          0x1000000c        0x4 C:\Users\Giovani\Documents\LPCXpresso_6.1.4_194\workspace\FreeRTOS_Library\Debug\libFreeRTOS_Library.a(port.o)
 .data          0x10000010        0x4 C:\Users\Giovani\Documents\LPCXpresso_6.1.4_194\workspace\FreeRTOS_Library\Debug\libFreeRTOS_Library.a(heap_2.o)
                0x10000014                . = ALIGN (0x4)
                0x10000014                _edata = .

.bss_RAM2       0x2007c000        0x0
 *(.bss.$RAM2*)
 *(.bss.$RamAHB32*)
                0x2007c000                . = ALIGN (0x4)

.bss            0x10000018     0x35f8
                0x10000018                _bss = .
 *(.bss*)
 .bss           0x10000018       0x24 ./src/lpc17xx_i2c.o
 .bss           0x1000003c       0x18 ./src/lpc17xx_ssp.o
 .bss           0x10000054      0x300 ./src/oled.o
 .bss           0x10000354        0x8 ./ethmac.o
 .bss           0x1000035c       0x10 ./main.o
                0x1000035c                aaPagecounter
                0x10000360                adcValue
                0x10000364                x
                0x10000368                runningServer
 .bss           0x1000036c       0x34 C:\Users\Giovani\Documents\LPCXpresso_6.1.4_194\workspace\FreeRTOS_Library\Debug\libFreeRTOS_Library.a(basic_io.o)
 .bss           0x100003a0      0x100 C:\Users\Giovani\Documents\LPCXpresso_6.1.4_194\workspace\FreeRTOS_Library\Debug\libFreeRTOS_Library.a(tasks.o)
                0x100003a4                pxCurrentTCB
 .bss           0x100004a0     0x2818 C:\Users\Giovani\Documents\LPCXpresso_6.1.4_194\workspace\FreeRTOS_Library\Debug\libFreeRTOS_Library.a(heap_2.o)
 .bss.errno     0x10002cb8        0x4 c:/nxp/lpcxpresso_6.1.4_194/lpcxpresso/tools/bin/../lib/gcc/arm-none-eabi/4.6.2/../../../../arm-none-eabi/lib/armv7-m\libcr_c.a(errno.o)
                0x10002cb8                errno
 *(COMMON)
 COMMON         0x10002cbc      0x802 ./main.o
                0x10002cbc                TCPTimer
                0x10002cc0                HTTPBytesToSend
                0x10002cc4                TCPRxDataCount
                0x10002cc8                buff_luz
                0x10002cfc                _interrupts_off
                0x10002d00                HTTPStatus
                0x10002d02                TCPTxDataCount
                0x10002d04                _exitvector
                0x10002d08                RecdFrameIP
                0x10002d0c                RemoteMAC
                0x10002d12                TCPStateMachine
                0x10002d14                TCPUNASeqNr
                0x10002d18                xQueue
                0x10002d1c                TCPLocalPort
                0x10002d20                _RxTCPBuffer
                0x10002f20                ITM_RxBuffer
                0x10002f24                TCPFlags
                0x10002f28                RecdFrameMAC
                0x10002f30                NewKey
                0x10002f94                RecdIPFrameLength
                0x10002f98                PWebSide
                0x10002f9c                RemoteIP
                0x10002fa0                LastFrameSent
                0x10002fa2                TCPRemotePort
                0x10002fa4                buf
                0x10002fd6                TxFrame2Size
                0x10002fd8                _number_of_exit_functions
                0x10002fdc                TCPAckNr
                0x10002fe0                TransmitControl
                0x10002fe4                buff_luz_p
                0x10003016                TxFrame1Size
                0x10003018                ISNGenHigh
                0x1000301c                _TxFrame2
                0x10003066                RecdFrameLength
                0x10003068                TOP_INFO
                0x10003080                _TxFrame1
                0x100034b8                TCPSeqNr
                0x100034bc                RetryCounter
                0x100034bd                SocketStatus
 *fill*         0x100034be        0x2 00
 COMMON         0x100034c0        0x4 ./top.o
                0x100034c0                top_info
 COMMON         0x100034c4        0x4 c:/nxp/lpcxpresso_6.1.4_194/lpcxpresso/tools/bin/../lib/gcc/arm-none-eabi/4.6.2/../../../../arm-none-eabi/lib/armv7-m\libcr_c.a(initio.o)
                0x100034c4                _extra
 COMMON         0x100034c8      0x140 c:/nxp/lpcxpresso_6.1.4_194/lpcxpresso/tools/bin/../lib/gcc/arm-none-eabi/4.6.2/../../../../arm-none-eabi/lib/armv7-m\libcr_c.a(stdio.o)
                0x100034c8                __Ciob
 COMMON         0x10003608        0x8 c:/nxp/lpcxpresso_6.1.4_194/lpcxpresso/tools/bin/../lib/gcc/arm-none-eabi/4.6.2/../../../../arm-none-eabi/lib/armv7-m\libcr_c.a(__init_alloc.o)
                0x10003608                __heaps
                0x1000360c                __end_of_heap
                0x10003610                . = ALIGN (0x4)
                0x10003610                _ebss = .
                0x10003610                PROVIDE (end, .)

.noinit_RAM2    0x2007c000        0x0
 *(.noinit.$RAM2*)
 *(.noinit.$RamAHB32*)
                0x2007c000                . = ALIGN (0x4)

.noinit         0x10003610        0x0
                0x10003610                _noinit = .
 *(.noinit*)
                0x10003610                . = ALIGN (0x4)
                0x10003610                _end_noinit = .
                0x10003610                PROVIDE (_pvHeapStart, .)
                0x10008000                PROVIDE (_vStackTop, (__top_RamLoc32 - 0x0))
OUTPUT(Example10_2.axf elf32-littlearm)

.debug_info     0x00000000    0x13b2b
 .debug_info    0x00000000      0x53d ./src/acc.o
 .debug_info    0x0000053d      0x4c7 ./src/eeprom.o
 .debug_info    0x00000a04      0x641 ./src/flash.o
 .debug_info    0x00001045       0x65 ./src/font5x7.o
 .debug_info    0x000010aa      0x10f ./src/joystick.o
 .debug_info    0x000011b9      0x282 ./src/led7seg.o
 .debug_info    0x0000143b      0x763 ./src/light.o
 .debug_info    0x00001b9e      0x61b ./src/lpc17xx_adc.o
 .debug_info    0x000021b9     0x1205 ./src/lpc17xx_can.o
 .debug_info    0x000033be      0x641 ./src/lpc17xx_clkpwr.o
 .debug_info    0x000039ff      0x285 ./src/lpc17xx_dac.o
 .debug_info    0x00003c84      0xe3d ./src/lpc17xx_emac.o
 .debug_info    0x00004ac1      0xb95 ./src/lpc17xx_gpio.o
 .debug_info    0x00005656      0xcc3 ./src/lpc17xx_i2c.o
 .debug_info    0x00006319      0x931 ./src/lpc17xx_i2s.o
 .debug_info    0x00006c4a       0xcd ./src/lpc17xx_libcfg_default.o
 .debug_info    0x00006d17      0x806 ./src/lpc17xx_mcpwm.o
 .debug_info    0x0000751d      0x3f9 ./src/lpc17xx_nvic.o
 .debug_info    0x00007916      0x4b1 ./src/lpc17xx_pinsel.o
 .debug_info    0x00007dc7      0x823 ./src/lpc17xx_pwm.o
 .debug_info    0x000085ea      0x846 ./src/lpc17xx_qei.o
 .debug_info    0x00008e30      0x319 ./src/lpc17xx_rit.o
 .debug_info    0x00009149      0xa13 ./src/lpc17xx_rtc.o
 .debug_info    0x00009b5c      0x64f ./src/lpc17xx_spi.o
 .debug_info    0x0000a1ab      0x867 ./src/lpc17xx_ssp.o
 .debug_info    0x0000aa12      0x8e4 ./src/lpc17xx_timer.o
 .debug_info    0x0000b2f6     0x14df ./src/lpc17xx_uart.o
 .debug_info    0x0000c7d5      0x356 ./src/lpc17xx_wdt.o
 .debug_info    0x0000cb2b      0x97d ./src/oled.o
 .debug_info    0x0000d4a8      0x642 ./src/pca9532.o
 .debug_info    0x0000daea       0xe4 ./src/rgb.o
 .debug_info    0x0000dbce      0x102 ./src/rotary.o
 .debug_info    0x0000dcd0      0x154 ./src/temp.o
 .debug_info    0x0000de24      0x5a7 ./src/uart2.o
 .debug_info    0x0000e3cb      0x210 ./cr_startup_lpc17.o
 .debug_info    0x0000e5db      0xbb4 ./ethmac.o
 .debug_info    0x0000f18f      0x8c4 ./ew_systick.o
 .debug_info    0x0000fa53      0xe61 ./main.o
 .debug_info    0x000108b4      0xd64 ./tcpip.o
 .debug_info    0x00011618      0x182 ./top.o
 .debug_info    0x0001179a      0x357 C:\Users\Giovani\Documents\LPCXpresso_6.1.4_194\workspace\CMSISv1p30_LPC17xx\Debug\libCMSISv1p30_LPC17xx.a(system_LPC17xx.o)
 .debug_info    0x00011af1      0x220 C:\Users\Giovani\Documents\LPCXpresso_6.1.4_194\workspace\FreeRTOS_Library\Debug\libFreeRTOS_Library.a(port.o)
 .debug_info    0x00011d11      0x12c C:\Users\Giovani\Documents\LPCXpresso_6.1.4_194\workspace\FreeRTOS_Library\Debug\libFreeRTOS_Library.a(basic_io.o)
 .debug_info    0x00011e3d       0xaa C:\Users\Giovani\Documents\LPCXpresso_6.1.4_194\workspace\FreeRTOS_Library\Debug\libFreeRTOS_Library.a(consoleprint.o)
 .debug_info    0x00011ee7      0x814 C:\Users\Giovani\Documents\LPCXpresso_6.1.4_194\workspace\FreeRTOS_Library\Debug\libFreeRTOS_Library.a(queue.o)
 .debug_info    0x000126fb      0xe7c C:\Users\Giovani\Documents\LPCXpresso_6.1.4_194\workspace\FreeRTOS_Library\Debug\libFreeRTOS_Library.a(tasks.o)
 .debug_info    0x00013577      0x2ef C:\Users\Giovani\Documents\LPCXpresso_6.1.4_194\workspace\FreeRTOS_Library\Debug\libFreeRTOS_Library.a(heap_2.o)
 .debug_info    0x00013866      0x2c5 C:\Users\Giovani\Documents\LPCXpresso_6.1.4_194\workspace\FreeRTOS_Library\Debug\libFreeRTOS_Library.a(list.o)

.debug_abbrev   0x00000000     0x42c9
 .debug_abbrev  0x00000000      0x15c ./src/acc.o
 .debug_abbrev  0x0000015c      0x15e ./src/eeprom.o
 .debug_abbrev  0x000002ba      0x211 ./src/flash.o
 .debug_abbrev  0x000004cb       0x4b ./src/font5x7.o
 .debug_abbrev  0x00000516       0x90 ./src/joystick.o
 .debug_abbrev  0x000005a6      0x155 ./src/led7seg.o
 .debug_abbrev  0x000006fb      0x1bd ./src/light.o
 .debug_abbrev  0x000008b8      0x13f ./src/lpc17xx_adc.o
 .debug_abbrev  0x000009f7      0x1c4 ./src/lpc17xx_can.o
 .debug_abbrev  0x00000bbb      0x174 ./src/lpc17xx_clkpwr.o
 .debug_abbrev  0x00000d2f       0xec ./src/lpc17xx_dac.o
 .debug_abbrev  0x00000e1b      0x21d ./src/lpc17xx_emac.o
 .debug_abbrev  0x00001038      0x185 ./src/lpc17xx_gpio.o
 .debug_abbrev  0x000011bd      0x24a ./src/lpc17xx_i2c.o
 .debug_abbrev  0x00001407      0x196 ./src/lpc17xx_i2s.o
 .debug_abbrev  0x0000159d       0x6a ./src/lpc17xx_libcfg_default.o
 .debug_abbrev  0x00001607      0x154 ./src/lpc17xx_mcpwm.o
 .debug_abbrev  0x0000175b       0xe2 ./src/lpc17xx_nvic.o
 .debug_abbrev  0x0000183d      0x10a ./src/lpc17xx_pinsel.o
 .debug_abbrev  0x00001947      0x189 ./src/lpc17xx_pwm.o
 .debug_abbrev  0x00001ad0      0x1c9 ./src/lpc17xx_qei.o
 .debug_abbrev  0x00001c99      0x120 ./src/lpc17xx_rit.o
 .debug_abbrev  0x00001db9      0x16b ./src/lpc17xx_rtc.o
 .debug_abbrev  0x00001f24      0x18e ./src/lpc17xx_spi.o
 .debug_abbrev  0x000020b2      0x1d3 ./src/lpc17xx_ssp.o
 .debug_abbrev  0x00002285      0x19f ./src/lpc17xx_timer.o
 .debug_abbrev  0x00002424      0x259 ./src/lpc17xx_uart.o
 .debug_abbrev  0x0000267d      0x150 ./src/lpc17xx_wdt.o
 .debug_abbrev  0x000027cd      0x1f1 ./src/oled.o
 .debug_abbrev  0x000029be      0x1aa ./src/pca9532.o
 .debug_abbrev  0x00002b68       0x8e ./src/rgb.o
 .debug_abbrev  0x00002bf6       0x9f ./src/rotary.o
 .debug_abbrev  0x00002c95       0xc2 ./src/temp.o
 .debug_abbrev  0x00002d57      0x1bb ./src/uart2.o
 .debug_abbrev  0x00002f12       0xb4 ./cr_startup_lpc17.o
 .debug_abbrev  0x00002fc6      0x1b7 ./ethmac.o
 .debug_abbrev  0x0000317d      0x199 ./ew_systick.o
 .debug_abbrev  0x00003316      0x2c1 ./main.o
 .debug_abbrev  0x000035d7      0x1f9 ./tcpip.o
 .debug_abbrev  0x000037d0       0xf8 ./top.o
 .debug_abbrev  0x000038c8       0xce C:\Users\Giovani\Documents\LPCXpresso_6.1.4_194\workspace\CMSISv1p30_LPC17xx\Debug\libCMSISv1p30_LPC17xx.a(system_LPC17xx.o)
 .debug_abbrev  0x00003996      0x141 C:\Users\Giovani\Documents\LPCXpresso_6.1.4_194\workspace\FreeRTOS_Library\Debug\libFreeRTOS_Library.a(port.o)
 .debug_abbrev  0x00003ad7       0x9b C:\Users\Giovani\Documents\LPCXpresso_6.1.4_194\workspace\FreeRTOS_Library\Debug\libFreeRTOS_Library.a(basic_io.o)
 .debug_abbrev  0x00003b72       0x7b C:\Users\Giovani\Documents\LPCXpresso_6.1.4_194\workspace\FreeRTOS_Library\Debug\libFreeRTOS_Library.a(consoleprint.o)
 .debug_abbrev  0x00003bed      0x1b3 C:\Users\Giovani\Documents\LPCXpresso_6.1.4_194\workspace\FreeRTOS_Library\Debug\libFreeRTOS_Library.a(queue.o)
 .debug_abbrev  0x00003da0      0x2b1 C:\Users\Giovani\Documents\LPCXpresso_6.1.4_194\workspace\FreeRTOS_Library\Debug\libFreeRTOS_Library.a(tasks.o)
 .debug_abbrev  0x00004051      0x19e C:\Users\Giovani\Documents\LPCXpresso_6.1.4_194\workspace\FreeRTOS_Library\Debug\libFreeRTOS_Library.a(heap_2.o)
 .debug_abbrev  0x000041ef       0xda C:\Users\Giovani\Documents\LPCXpresso_6.1.4_194\workspace\FreeRTOS_Library\Debug\libFreeRTOS_Library.a(list.o)

.debug_loc      0x00000000     0x7dc9
 .debug_loc     0x00000000      0x1f0 ./src/acc.o
 .debug_loc     0x000001f0      0x148 ./src/eeprom.o
 .debug_loc     0x00000338      0x294 ./src/flash.o
 .debug_loc     0x000005cc       0x64 ./src/joystick.o
 .debug_loc     0x00000630       0x64 ./src/led7seg.o
 .debug_loc     0x00000694      0x378 ./src/light.o
 .debug_loc     0x00000a0c      0x2d8 ./src/lpc17xx_adc.o
 .debug_loc     0x00000ce4      0x3f6 ./src/lpc17xx_can.o
 .debug_loc     0x000010da      0x1bc ./src/lpc17xx_clkpwr.o
 .debug_loc     0x00001296      0x118 ./src/lpc17xx_dac.o
 .debug_loc     0x000013ae      0x598 ./src/lpc17xx_emac.o
 .debug_loc     0x00001946      0x4d0 ./src/lpc17xx_gpio.o
 .debug_loc     0x00001e16      0x4e4 ./src/lpc17xx_i2c.o
 .debug_loc     0x000022fa      0x462 ./src/lpc17xx_i2s.o
 .debug_loc     0x0000275c       0x38 ./src/lpc17xx_libcfg_default.o
 .debug_loc     0x00002794      0x348 ./src/lpc17xx_mcpwm.o
 .debug_loc     0x00002adc       0xa8 ./src/lpc17xx_nvic.o
 .debug_loc     0x00002b84      0x150 ./src/lpc17xx_pinsel.o
 .debug_loc     0x00002cd4      0x310 ./src/lpc17xx_pwm.o
 .debug_loc     0x00002fe4      0x49a ./src/lpc17xx_qei.o
 .debug_loc     0x0000347e      0x188 ./src/lpc17xx_rit.o
 .debug_loc     0x00003606      0x460 ./src/lpc17xx_rtc.o
 .debug_loc     0x00003a66      0x304 ./src/lpc17xx_spi.o
 .debug_loc     0x00003d6a      0x448 ./src/lpc17xx_ssp.o
 .debug_loc     0x000041b2      0x3b8 ./src/lpc17xx_timer.o
 .debug_loc     0x0000456a      0x77a ./src/lpc17xx_uart.o
 .debug_loc     0x00004ce4      0x1e8 ./src/lpc17xx_wdt.o
 .debug_loc     0x00004ecc      0x33e ./src/oled.o
 .debug_loc     0x0000520a      0x2d0 ./src/pca9532.o
 .debug_loc     0x000054da       0x64 ./src/rgb.o
 .debug_loc     0x0000553e       0x64 ./src/rotary.o
 .debug_loc     0x000055a2       0x70 ./src/temp.o
 .debug_loc     0x00005612      0x260 ./src/uart2.o
 .debug_loc     0x00005872      0x1f0 ./cr_startup_lpc17.o
 .debug_loc     0x00005a62      0x2ec ./ethmac.o
 .debug_loc     0x00005d4e       0xc8 ./ew_systick.o
 .debug_loc     0x00005e16      0x42e ./main.o
 .debug_loc     0x00006244      0x5ac ./tcpip.o
 .debug_loc     0x000067f0       0x90 ./top.o
 .debug_loc     0x00006880       0x58 C:\Users\Giovani\Documents\LPCXpresso_6.1.4_194\workspace\CMSISv1p30_LPC17xx\Debug\libCMSISv1p30_LPC17xx.a(system_LPC17xx.o)
 .debug_loc     0x000068d8       0x94 C:\Users\Giovani\Documents\LPCXpresso_6.1.4_194\workspace\FreeRTOS_Library\Debug\libFreeRTOS_Library.a(port.o)
 .debug_loc     0x0000696c       0x9a C:\Users\Giovani\Documents\LPCXpresso_6.1.4_194\workspace\FreeRTOS_Library\Debug\libFreeRTOS_Library.a(basic_io.o)
 .debug_loc     0x00006a06       0x5c C:\Users\Giovani\Documents\LPCXpresso_6.1.4_194\workspace\FreeRTOS_Library\Debug\libFreeRTOS_Library.a(consoleprint.o)
 .debug_loc     0x00006a62      0x68c C:\Users\Giovani\Documents\LPCXpresso_6.1.4_194\workspace\FreeRTOS_Library\Debug\libFreeRTOS_Library.a(queue.o)
 .debug_loc     0x000070ee      0xa90 C:\Users\Giovani\Documents\LPCXpresso_6.1.4_194\workspace\FreeRTOS_Library\Debug\libFreeRTOS_Library.a(tasks.o)
 .debug_loc     0x00007b7e      0x201 C:\Users\Giovani\Documents\LPCXpresso_6.1.4_194\workspace\FreeRTOS_Library\Debug\libFreeRTOS_Library.a(heap_2.o)
 .debug_loc     0x00007d7f       0x4a C:\Users\Giovani\Documents\LPCXpresso_6.1.4_194\workspace\FreeRTOS_Library\Debug\libFreeRTOS_Library.a(list.o)

.debug_aranges  0x00000000     0x1420
 .debug_aranges
                0x00000000       0x60 ./src/acc.o
 .debug_aranges
                0x00000060       0x48 ./src/eeprom.o
 .debug_aranges
                0x000000a8       0x78 ./src/flash.o
 .debug_aranges
                0x00000120       0x28 ./src/joystick.o
 .debug_aranges
                0x00000148       0x28 ./src/led7seg.o
 .debug_aranges
                0x00000170       0x98 ./src/light.o
 .debug_aranges
                0x00000208       0x80 ./src/lpc17xx_adc.o
 .debug_aranges
                0x00000288       0xa8 ./src/lpc17xx_can.o
 .debug_aranges
                0x00000330       0x60 ./src/lpc17xx_clkpwr.o
 .debug_aranges
                0x00000390       0x40 ./src/lpc17xx_dac.o
 .debug_aranges
                0x000003d0       0xe8 ./src/lpc17xx_emac.o
 .debug_aranges
                0x000004b8       0xc8 ./src/lpc17xx_gpio.o
 .debug_aranges
                0x00000580       0xd0 ./src/lpc17xx_i2c.o
 .debug_aranges
                0x00000650       0xb8 ./src/lpc17xx_i2s.o
 .debug_aranges
                0x00000708       0x20 ./src/lpc17xx_libcfg_default.o
 .debug_aranges
                0x00000728       0x90 ./src/lpc17xx_mcpwm.o
 .debug_aranges
                0x000007b8       0x30 ./src/lpc17xx_nvic.o
 .debug_aranges
                0x000007e8       0x48 ./src/lpc17xx_pinsel.o
 .debug_aranges
                0x00000830       0x88 ./src/lpc17xx_pwm.o
 .debug_aranges
                0x000008b8       0xc0 ./src/lpc17xx_qei.o
 .debug_aranges
                0x00000978       0x50 ./src/lpc17xx_rit.o
 .debug_aranges
                0x000009c8       0xb8 ./src/lpc17xx_rtc.o
 .debug_aranges
                0x00000a80       0x88 ./src/lpc17xx_spi.o
 .debug_aranges
                0x00000b08       0xb8 ./src/lpc17xx_ssp.o
 .debug_aranges
                0x00000bc0       0xa0 ./src/lpc17xx_timer.o
 .debug_aranges
                0x00000c60      0x130 ./src/lpc17xx_uart.o
 .debug_aranges
                0x00000d90       0x68 ./src/lpc17xx_wdt.o
 .debug_aranges
                0x00000df8       0x90 ./src/oled.o
 .debug_aranges
                0x00000e88       0x80 ./src/pca9532.o
 .debug_aranges
                0x00000f08       0x28 ./src/rgb.o
 .debug_aranges
                0x00000f30       0x28 ./src/rotary.o
 .debug_aranges
                0x00000f58       0x28 ./src/temp.o
 .debug_aranges
                0x00000f80       0x70 ./src/uart2.o
 .debug_aranges
                0x00000ff0       0x70 ./cr_startup_lpc17.o
 .debug_aranges
                0x00001060       0x88 ./ethmac.o
 .debug_aranges
                0x000010e8       0x38 ./ew_systick.o
 .debug_aranges
                0x00001120       0xc0 ./main.o
 .debug_aranges
                0x000011e0      0x108 ./tcpip.o
 .debug_aranges
                0x000012e8       0x30 ./top.o
 .debug_aranges
                0x00001318       0x28 C:\Users\Giovani\Documents\LPCXpresso_6.1.4_194\workspace\CMSISv1p30_LPC17xx\Debug\libCMSISv1p30_LPC17xx.a(system_LPC17xx.o)
 .debug_aranges
                0x00001340       0x20 C:\Users\Giovani\Documents\LPCXpresso_6.1.4_194\workspace\FreeRTOS_Library\Debug\libFreeRTOS_Library.a(port.o)
 .debug_aranges
                0x00001360       0x20 C:\Users\Giovani\Documents\LPCXpresso_6.1.4_194\workspace\FreeRTOS_Library\Debug\libFreeRTOS_Library.a(basic_io.o)
 .debug_aranges
                0x00001380       0x20 C:\Users\Giovani\Documents\LPCXpresso_6.1.4_194\workspace\FreeRTOS_Library\Debug\libFreeRTOS_Library.a(consoleprint.o)
 .debug_aranges
                0x000013a0       0x20 C:\Users\Giovani\Documents\LPCXpresso_6.1.4_194\workspace\FreeRTOS_Library\Debug\libFreeRTOS_Library.a(queue.o)
 .debug_aranges
                0x000013c0       0x20 C:\Users\Giovani\Documents\LPCXpresso_6.1.4_194\workspace\FreeRTOS_Library\Debug\libFreeRTOS_Library.a(tasks.o)
 .debug_aranges
                0x000013e0       0x20 C:\Users\Giovani\Documents\LPCXpresso_6.1.4_194\workspace\FreeRTOS_Library\Debug\libFreeRTOS_Library.a(heap_2.o)
 .debug_aranges
                0x00001400       0x20 C:\Users\Giovani\Documents\LPCXpresso_6.1.4_194\workspace\FreeRTOS_Library\Debug\libFreeRTOS_Library.a(list.o)

.debug_ranges   0x00000000     0x1138
 .debug_ranges  0x00000000       0x50 ./src/acc.o
 .debug_ranges  0x00000050       0x38 ./src/eeprom.o
 .debug_ranges  0x00000088       0x68 ./src/flash.o
 .debug_ranges  0x000000f0       0x18 ./src/joystick.o
 .debug_ranges  0x00000108       0x18 ./src/led7seg.o
 .debug_ranges  0x00000120       0x88 ./src/light.o
 .debug_ranges  0x000001a8       0x70 ./src/lpc17xx_adc.o
 .debug_ranges  0x00000218       0x98 ./src/lpc17xx_can.o
 .debug_ranges  0x000002b0       0x50 ./src/lpc17xx_clkpwr.o
 .debug_ranges  0x00000300       0x30 ./src/lpc17xx_dac.o
 .debug_ranges  0x00000330       0xd8 ./src/lpc17xx_emac.o
 .debug_ranges  0x00000408       0xb8 ./src/lpc17xx_gpio.o
 .debug_ranges  0x000004c0       0xc0 ./src/lpc17xx_i2c.o
 .debug_ranges  0x00000580       0xa8 ./src/lpc17xx_i2s.o
 .debug_ranges  0x00000628       0x10 ./src/lpc17xx_libcfg_default.o
 .debug_ranges  0x00000638       0x80 ./src/lpc17xx_mcpwm.o
 .debug_ranges  0x000006b8       0x20 ./src/lpc17xx_nvic.o
 .debug_ranges  0x000006d8       0x38 ./src/lpc17xx_pinsel.o
 .debug_ranges  0x00000710       0x78 ./src/lpc17xx_pwm.o
 .debug_ranges  0x00000788       0xb0 ./src/lpc17xx_qei.o
 .debug_ranges  0x00000838       0x40 ./src/lpc17xx_rit.o
 .debug_ranges  0x00000878       0xa8 ./src/lpc17xx_rtc.o
 .debug_ranges  0x00000920       0x78 ./src/lpc17xx_spi.o
 .debug_ranges  0x00000998       0xa8 ./src/lpc17xx_ssp.o
 .debug_ranges  0x00000a40       0x90 ./src/lpc17xx_timer.o
 .debug_ranges  0x00000ad0      0x120 ./src/lpc17xx_uart.o
 .debug_ranges  0x00000bf0       0x58 ./src/lpc17xx_wdt.o
 .debug_ranges  0x00000c48       0x80 ./src/oled.o
 .debug_ranges  0x00000cc8       0x70 ./src/pca9532.o
 .debug_ranges  0x00000d38       0x18 ./src/rgb.o
 .debug_ranges  0x00000d50       0x18 ./src/rotary.o
 .debug_ranges  0x00000d68       0x18 ./src/temp.o
 .debug_ranges  0x00000d80       0x60 ./src/uart2.o
 .debug_ranges  0x00000de0       0x60 ./cr_startup_lpc17.o
 .debug_ranges  0x00000e40       0x78 ./ethmac.o
 .debug_ranges  0x00000eb8       0x28 ./ew_systick.o
 .debug_ranges  0x00000ee0       0xb0 ./main.o
 .debug_ranges  0x00000f90       0xf8 ./tcpip.o
 .debug_ranges  0x00001088       0x20 ./top.o
 .debug_ranges  0x000010a8       0x18 C:\Users\Giovani\Documents\LPCXpresso_6.1.4_194\workspace\CMSISv1p30_LPC17xx\Debug\libCMSISv1p30_LPC17xx.a(system_LPC17xx.o)
 .debug_ranges  0x000010c0       0x78 C:\Users\Giovani\Documents\LPCXpresso_6.1.4_194\workspace\FreeRTOS_Library\Debug\libFreeRTOS_Library.a(tasks.o)

.debug_line     0x00000000    0x10b0a
 .debug_line    0x00000000      0x471 ./src/acc.o
 .debug_line    0x00000471      0x499 ./src/eeprom.o
 .debug_line    0x0000090a      0x528 ./src/flash.o
 .debug_line    0x00000e32       0x41 ./src/font5x7.o
 .debug_line    0x00000e73      0x3dc ./src/joystick.o
 .debug_line    0x0000124f      0x3ec ./src/led7seg.o
 .debug_line    0x0000163b      0x51d ./src/light.o
 .debug_line    0x00001b58      0x5be ./src/lpc17xx_adc.o
 .debug_line    0x00002116      0xbfa ./src/lpc17xx_can.o
 .debug_line    0x00002d10      0x48e ./src/lpc17xx_clkpwr.o
 .debug_line    0x0000319e      0x45b ./src/lpc17xx_dac.o
 .debug_line    0x000035f9      0x781 ./src/lpc17xx_emac.o
 .debug_line    0x00003d7a      0x5ae ./src/lpc17xx_gpio.o
 .debug_line    0x00004328      0x8c9 ./src/lpc17xx_i2c.o
 .debug_line    0x00004bf1      0x7ae ./src/lpc17xx_i2s.o
 .debug_line    0x0000539f      0x345 ./src/lpc17xx_libcfg_default.o
 .debug_line    0x000056e4      0x778 ./src/lpc17xx_mcpwm.o
 .debug_line    0x00005e5c      0x401 ./src/lpc17xx_nvic.o
 .debug_line    0x0000625d      0x42d ./src/lpc17xx_pinsel.o
 .debug_line    0x0000668a      0x74e ./src/lpc17xx_pwm.o
 .debug_line    0x00006dd8      0x7a7 ./src/lpc17xx_qei.o
 .debug_line    0x0000757f      0x4c9 ./src/lpc17xx_rit.o
 .debug_line    0x00007a48      0x856 ./src/lpc17xx_rtc.o
 .debug_line    0x0000829e      0x5da ./src/lpc17xx_spi.o
 .debug_line    0x00008878      0x7fc ./src/lpc17xx_ssp.o
 .debug_line    0x00009074      0x75a ./src/lpc17xx_timer.o
 .debug_line    0x000097ce      0xb48 ./src/lpc17xx_uart.o
 .debug_line    0x0000a316      0x4f6 ./src/lpc17xx_wdt.o
 .debug_line    0x0000a80c      0x6f6 ./src/oled.o
 .debug_line    0x0000af02      0x508 ./src/pca9532.o
 .debug_line    0x0000b40a      0x3c9 ./src/rgb.o
 .debug_line    0x0000b7d3      0x3f2 ./src/rotary.o
 .debug_line    0x0000bbc5      0x3ea ./src/temp.o
 .debug_line    0x0000bfaf      0x50f ./src/uart2.o
 .debug_line    0x0000c4be      0x45b ./cr_startup_lpc17.o
 .debug_line    0x0000c919      0x584 ./ethmac.o
 .debug_line    0x0000ce9d      0x3dc ./ew_systick.o
 .debug_line    0x0000d279      0x8d6 ./main.o
 .debug_line    0x0000db4f      0x7f2 ./tcpip.o
 .debug_line    0x0000e341       0x69 ./top.o
 .debug_line    0x0000e3aa      0x410 C:\Users\Giovani\Documents\LPCXpresso_6.1.4_194\workspace\CMSISv1p30_LPC17xx\Debug\libCMSISv1p30_LPC17xx.a(system_LPC17xx.o)
 .debug_line    0x0000e7ba      0x4ad C:\Users\Giovani\Documents\LPCXpresso_6.1.4_194\workspace\FreeRTOS_Library\Debug\libFreeRTOS_Library.a(port.o)
 .debug_line    0x0000ec67      0x4ad C:\Users\Giovani\Documents\LPCXpresso_6.1.4_194\workspace\FreeRTOS_Library\Debug\libFreeRTOS_Library.a(basic_io.o)
 .debug_line    0x0000f114      0x2d8 C:\Users\Giovani\Documents\LPCXpresso_6.1.4_194\workspace\FreeRTOS_Library\Debug\libFreeRTOS_Library.a(consoleprint.o)
 .debug_line    0x0000f3ec      0x5c1 C:\Users\Giovani\Documents\LPCXpresso_6.1.4_194\workspace\FreeRTOS_Library\Debug\libFreeRTOS_Library.a(queue.o)
 .debug_line    0x0000f9ad      0x7c9 C:\Users\Giovani\Documents\LPCXpresso_6.1.4_194\workspace\FreeRTOS_Library\Debug\libFreeRTOS_Library.a(tasks.o)
 .debug_line    0x00010176      0x4e7 C:\Users\Giovani\Documents\LPCXpresso_6.1.4_194\workspace\FreeRTOS_Library\Debug\libFreeRTOS_Library.a(heap_2.o)
 .debug_line    0x0001065d      0x4ad C:\Users\Giovani\Documents\LPCXpresso_6.1.4_194\workspace\FreeRTOS_Library\Debug\libFreeRTOS_Library.a(list.o)

.debug_macinfo  0x00000000   0x1b8449
 .debug_macinfo
                0x00000000     0x8f26 ./src/acc.o
 .debug_macinfo
                0x00008f26     0x8f63 ./src/eeprom.o
 .debug_macinfo
                0x00011e89     0x981c ./src/flash.o
 .debug_macinfo
                0x0001b6a5     0x3335 ./src/font5x7.o
 .debug_macinfo
                0x0001e9da     0x8596 ./src/joystick.o
 .debug_macinfo
                0x00026f70     0x96ae ./src/led7seg.o
 .debug_macinfo
                0x0003061e     0x8e45 ./src/light.o
 .debug_macinfo
                0x00039463     0xa039 ./src/lpc17xx_adc.o
 .debug_macinfo
                0x0004349c     0xb458 ./src/lpc17xx_can.o
 .debug_macinfo
                0x0004e8f4     0x9604 ./src/lpc17xx_clkpwr.o
 .debug_macinfo
                0x00057ef8     0x9966 ./src/lpc17xx_dac.o
 .debug_macinfo
                0x0006185e     0xb5b5 ./src/lpc17xx_emac.o
 .debug_macinfo
                0x0006ce13     0x86c3 ./src/lpc17xx_gpio.o
 .debug_macinfo
                0x000754d6     0xa5e3 ./src/lpc17xx_i2c.o
 .debug_macinfo
                0x0007fab9     0xaa87 ./src/lpc17xx_i2s.o
 .debug_macinfo
                0x0008a540     0x4018 ./src/lpc17xx_libcfg_default.o
 .debug_macinfo
                0x0008e558     0xa1ed ./src/lpc17xx_mcpwm.o
 .debug_macinfo
                0x00098745     0x82fa ./src/lpc17xx_nvic.o
 .debug_macinfo
                0x000a0a3f     0x87de ./src/lpc17xx_pinsel.o
 .debug_macinfo
                0x000a921d     0xa092 ./src/lpc17xx_pwm.o
 .debug_macinfo
                0x000b32af     0xb02b ./src/lpc17xx_qei.o
 .debug_macinfo
                0x000be2da     0x988f ./src/lpc17xx_rit.o
 .debug_macinfo
                0x000c7b69     0xa083 ./src/lpc17xx_rtc.o
 .debug_macinfo
                0x000d1bec     0xa219 ./src/lpc17xx_spi.o
 .debug_macinfo
                0x000dbe05     0xa8db ./src/lpc17xx_ssp.o
 .debug_macinfo
                0x000e66e0     0xa4d8 ./src/lpc17xx_timer.o
 .debug_macinfo
                0x000f0bb8     0xb04a ./src/lpc17xx_uart.o
 .debug_macinfo
                0x000fbc02     0x9fc9 ./src/lpc17xx_wdt.o
 .debug_macinfo
                0x00105bcb     0xa14e ./src/oled.o
 .debug_macinfo
                0x0010fd19     0x8e64 ./src/pca9532.o
 .debug_macinfo
                0x00118b7d     0x8557 ./src/rgb.o
 .debug_macinfo
                0x001210d4     0x85d2 ./src/rotary.o
 .debug_macinfo
                0x001296a6     0x85f1 ./src/temp.o
 .debug_macinfo
                0x00131c97     0xa841 ./src/uart2.o
 .debug_macinfo
                0x0013c4d8     0x3d1a ./cr_startup_lpc17.o
 .debug_macinfo
                0x001401f2     0xa4e6 ./ethmac.o
 .debug_macinfo
                0x0014a6d8     0x810e ./ew_systick.o
 .debug_macinfo
                0x001527e6    0x12535 ./main.o
 .debug_macinfo
                0x00164d1b     0xa4b7 ./tcpip.o
 .debug_macinfo
                0x0016f1d2     0x2297 ./top.o
 .debug_macinfo
                0x00171469     0x83f8 C:\Users\Giovani\Documents\LPCXpresso_6.1.4_194\workspace\CMSISv1p30_LPC17xx\Debug\libCMSISv1p30_LPC17xx.a(system_LPC17xx.o)
 .debug_macinfo
                0x00179861     0x9de1 C:\Users\Giovani\Documents\LPCXpresso_6.1.4_194\workspace\FreeRTOS_Library\Debug\libFreeRTOS_Library.a(port.o)
 .debug_macinfo
                0x00183642     0x9e2d C:\Users\Giovani\Documents\LPCXpresso_6.1.4_194\workspace\FreeRTOS_Library\Debug\libFreeRTOS_Library.a(basic_io.o)
 .debug_macinfo
                0x0018d46f     0x2b75 C:\Users\Giovani\Documents\LPCXpresso_6.1.4_194\workspace\FreeRTOS_Library\Debug\libFreeRTOS_Library.a(consoleprint.o)
 .debug_macinfo
                0x0018ffe4     0xa4c3 C:\Users\Giovani\Documents\LPCXpresso_6.1.4_194\workspace\FreeRTOS_Library\Debug\libFreeRTOS_Library.a(queue.o)
 .debug_macinfo
                0x0019a4a7     0xa761 C:\Users\Giovani\Documents\LPCXpresso_6.1.4_194\workspace\FreeRTOS_Library\Debug\libFreeRTOS_Library.a(tasks.o)
 .debug_macinfo
                0x001a4c08     0x9f77 C:\Users\Giovani\Documents\LPCXpresso_6.1.4_194\workspace\FreeRTOS_Library\Debug\libFreeRTOS_Library.a(heap_2.o)
 .debug_macinfo
                0x001aeb7f     0x98ca C:\Users\Giovani\Documents\LPCXpresso_6.1.4_194\workspace\FreeRTOS_Library\Debug\libFreeRTOS_Library.a(list.o)

.debug_str      0x00000000     0x69f4
 .debug_str     0x00000000      0x363 ./src/acc.o
                                0x3a1 (size before relaxing)
 .debug_str     0x00000363       0x57 ./src/eeprom.o
                                0x324 (size before relaxing)
 .debug_str     0x000003ba      0x1d5 ./src/flash.o
                                0x35b (size before relaxing)
 .debug_str     0x0000058f       0x19 ./src/font5x7.o
                                 0xc9 (size before relaxing)
 .debug_str     0x000005a8       0x3a ./src/joystick.o
                                0x172 (size before relaxing)
 .debug_str     0x000005e2       0x3c ./src/led7seg.o
                                0x20d (size before relaxing)
 .debug_str     0x0000061e      0x244 ./src/light.o
                                0x506 (size before relaxing)
 .debug_str     0x00000862      0x387 ./src/lpc17xx_adc.o
                                0x4e3 (size before relaxing)
 .debug_str     0x00000be9      0x86c ./src/lpc17xx_can.o
                                0xa1c (size before relaxing)
 .debug_str     0x00001455      0x246 ./src/lpc17xx_clkpwr.o
                                0x3b3 (size before relaxing)
 .debug_str     0x0000169b      0x12e ./src/lpc17xx_dac.o
                                0x268 (size before relaxing)
 .debug_str     0x000017c9      0x4c9 ./src/lpc17xx_emac.o
                                0x732 (size before relaxing)
 .debug_str     0x00001c92      0x33e ./src/lpc17xx_gpio.o
                                0x482 (size before relaxing)
 .debug_str     0x00001fd0      0x4ff ./src/lpc17xx_i2c.o
                                0x818 (size before relaxing)
 .debug_str     0x000024cf      0x2cc ./src/lpc17xx_i2s.o
                                0x48e (size before relaxing)
 .debug_str     0x0000279b       0x32 ./src/lpc17xx_libcfg_default.o
                                0x15b (size before relaxing)
 .debug_str     0x000027cd      0x3fe ./src/lpc17xx_mcpwm.o
                                0x56a (size before relaxing)
 .debug_str     0x00002bcb       0x3e ./src/lpc17xx_nvic.o
                                0x227 (size before relaxing)
 .debug_str     0x00002c09      0x24d ./src/lpc17xx_pinsel.o
                                0x3b7 (size before relaxing)
 .debug_str     0x00002e56      0x41e ./src/lpc17xx_pwm.o
                                0x5de (size before relaxing)
 .debug_str     0x00003274      0x351 ./src/lpc17xx_qei.o
                                0x4ec (size before relaxing)
 .debug_str     0x000035c5       0xd9 ./src/lpc17xx_rit.o
                                0x259 (size before relaxing)
 .debug_str     0x0000369e      0x3c3 ./src/lpc17xx_rtc.o
                                0x5bb (size before relaxing)
 .debug_str     0x00003a61      0x22b ./src/lpc17xx_spi.o
                                0x42a (size before relaxing)
 .debug_str     0x00003c8c      0x1cc ./src/lpc17xx_ssp.o
                                0x495 (size before relaxing)
 .debug_str     0x00003e58      0x339 ./src/lpc17xx_timer.o
                                0x5cb (size before relaxing)
 .debug_str     0x00004191      0xa33 ./src/lpc17xx_uart.o
                                0xc6b (size before relaxing)
 .debug_str     0x00004bc4      0x15e ./src/lpc17xx_wdt.o
                                0x2e2 (size before relaxing)
 .debug_str     0x00004d22      0x1be ./src/oled.o
                                0x3be (size before relaxing)
 .debug_str     0x00004ee0      0x136 ./src/pca9532.o
                                0x3f8 (size before relaxing)
 .debug_str     0x00005016       0x22 ./src/rgb.o
                                0x152 (size before relaxing)
 .debug_str     0x00005038       0x34 ./src/rotary.o
                                0x15c (size before relaxing)
 .debug_str     0x0000506c       0x36 ./src/temp.o
                                0x175 (size before relaxing)
 .debug_str     0x000050a2       0xd9 ./src/uart2.o
                                0x3a7 (size before relaxing)
 .debug_str     0x0000517b       0xee ./cr_startup_lpc17.o
                                0x214 (size before relaxing)
 .debug_str     0x00005269      0x16f ./ethmac.o
                                0x6a0 (size before relaxing)
 .debug_str     0x000053d8       0x77 ./ew_systick.o
                                0x590 (size before relaxing)
 .debug_str     0x0000544f      0x46d ./main.o
                                0x794 (size before relaxing)
 .debug_str     0x000058bc      0x2a6 ./tcpip.o
                                0x785 (size before relaxing)
 .debug_str     0x00005b62       0x3f ./top.o
                                0x109 (size before relaxing)
 .debug_str     0x00005ba1       0x8c C:\Users\Giovani\Documents\LPCXpresso_6.1.4_194\workspace\CMSISv1p30_LPC17xx\Debug\libCMSISv1p30_LPC17xx.a(system_LPC17xx.o)
                                0x2a5 (size before relaxing)
 .debug_str     0x00005c2d      0x184 C:\Users\Giovani\Documents\LPCXpresso_6.1.4_194\workspace\FreeRTOS_Library\Debug\libFreeRTOS_Library.a(port.o)
                                0x27f (size before relaxing)
 .debug_str     0x00005db1       0x54 C:\Users\Giovani\Documents\LPCXpresso_6.1.4_194\workspace\FreeRTOS_Library\Debug\libFreeRTOS_Library.a(basic_io.o)
                                0x18b (size before relaxing)
 .debug_str     0x00005e05       0x37 C:\Users\Giovani\Documents\LPCXpresso_6.1.4_194\workspace\FreeRTOS_Library\Debug\libFreeRTOS_Library.a(consoleprint.o)
                                0x113 (size before relaxing)
 .debug_str     0x00005e3c      0x3c0 C:\Users\Giovani\Documents\LPCXpresso_6.1.4_194\workspace\FreeRTOS_Library\Debug\libFreeRTOS_Library.a(queue.o)
                                0x53a (size before relaxing)
 .debug_str     0x000061fc      0x616 C:\Users\Giovani\Documents\LPCXpresso_6.1.4_194\workspace\FreeRTOS_Library\Debug\libFreeRTOS_Library.a(tasks.o)
                                0x8d3 (size before relaxing)
 .debug_str     0x00006812      0x150 C:\Users\Giovani\Documents\LPCXpresso_6.1.4_194\workspace\FreeRTOS_Library\Debug\libFreeRTOS_Library.a(heap_2.o)
                                0x2a6 (size before relaxing)
 .debug_str     0x00006962       0x92 C:\Users\Giovani\Documents\LPCXpresso_6.1.4_194\workspace\FreeRTOS_Library\Debug\libFreeRTOS_Library.a(list.o)
                                0x26d (size before relaxing)

.comment        0x00000000       0xe0
 .comment       0x00000000       0x70 ./src/acc.o
                                 0x71 (size before relaxing)
 .comment       0x00000000       0x71 ./src/eeprom.o
 .comment       0x00000000       0x71 ./src/flash.o
 .comment       0x00000000       0x71 ./src/font5x7.o
 .comment       0x00000000       0x71 ./src/joystick.o
 .comment       0x00000000       0x71 ./src/led7seg.o
 .comment       0x00000000       0x71 ./src/light.o
 .comment       0x00000000       0x71 ./src/lpc17xx_adc.o
 .comment       0x00000000       0x71 ./src/lpc17xx_can.o
 .comment       0x00000000       0x71 ./src/lpc17xx_clkpwr.o
 .comment       0x00000000       0x71 ./src/lpc17xx_dac.o
 .comment       0x00000000       0x71 ./src/lpc17xx_emac.o
 .comment       0x00000000       0x71 ./src/lpc17xx_gpio.o
 .comment       0x00000000       0x71 ./src/lpc17xx_i2c.o
 .comment       0x00000000       0x71 ./src/lpc17xx_i2s.o
 .comment       0x00000000       0x71 ./src/lpc17xx_libcfg_default.o
 .comment       0x00000000       0x71 ./src/lpc17xx_mcpwm.o
 .comment       0x00000000       0x71 ./src/lpc17xx_nvic.o
 .comment       0x00000000       0x71 ./src/lpc17xx_pinsel.o
 .comment       0x00000000       0x71 ./src/lpc17xx_pwm.o
 .comment       0x00000000       0x71 ./src/lpc17xx_qei.o
 .comment       0x00000000       0x71 ./src/lpc17xx_rit.o
 .comment       0x00000000       0x71 ./src/lpc17xx_rtc.o
 .comment       0x00000000       0x71 ./src/lpc17xx_spi.o
 .comment       0x00000000       0x71 ./src/lpc17xx_ssp.o
 .comment       0x00000000       0x71 ./src/lpc17xx_timer.o
 .comment       0x00000000       0x71 ./src/lpc17xx_uart.o
 .comment       0x00000000       0x71 ./src/lpc17xx_wdt.o
 .comment       0x00000000       0x71 ./src/oled.o
 .comment       0x00000000       0x71 ./src/pca9532.o
 .comment       0x00000000       0x71 ./src/rgb.o
 .comment       0x00000000       0x71 ./src/rotary.o
 .comment       0x00000000       0x71 ./src/temp.o
 .comment       0x00000000       0x71 ./src/uart2.o
 .comment       0x00000000       0x71 ./cr_startup_lpc17.o
 .comment       0x00000000       0x71 ./ethmac.o
 .comment       0x00000000       0x71 ./ew_systick.o
 .comment       0x00000000       0x71 ./main.o
 .comment       0x00000000       0x71 ./tcpip.o
 .comment       0x00000000       0x71 ./top.o
 .comment       0x00000000       0x71 C:\Users\Giovani\Documents\LPCXpresso_6.1.4_194\workspace\CMSISv1p30_LPC17xx\Debug\libCMSISv1p30_LPC17xx.a(system_LPC17xx.o)
 .comment       0x00000000       0x71 C:\Users\Giovani\Documents\LPCXpresso_6.1.4_194\workspace\FreeRTOS_Library\Debug\libFreeRTOS_Library.a(port.o)
 .comment       0x00000000       0x71 C:\Users\Giovani\Documents\LPCXpresso_6.1.4_194\workspace\FreeRTOS_Library\Debug\libFreeRTOS_Library.a(basic_io.o)
 .comment       0x00000000       0x71 C:\Users\Giovani\Documents\LPCXpresso_6.1.4_194\workspace\FreeRTOS_Library\Debug\libFreeRTOS_Library.a(consoleprint.o)
 .comment       0x00000000       0x71 C:\Users\Giovani\Documents\LPCXpresso_6.1.4_194\workspace\FreeRTOS_Library\Debug\libFreeRTOS_Library.a(queue.o)
 .comment       0x00000000       0x71 C:\Users\Giovani\Documents\LPCXpresso_6.1.4_194\workspace\FreeRTOS_Library\Debug\libFreeRTOS_Library.a(tasks.o)
 .comment       0x00000000       0x71 C:\Users\Giovani\Documents\LPCXpresso_6.1.4_194\workspace\FreeRTOS_Library\Debug\libFreeRTOS_Library.a(heap_2.o)
 .comment       0x00000000       0x71 C:\Users\Giovani\Documents\LPCXpresso_6.1.4_194\workspace\FreeRTOS_Library\Debug\libFreeRTOS_Library.a(list.o)
 .comment       0x00000070       0x70 c:/nxp/lpcxpresso_6.1.4_194/lpcxpresso/tools/bin/../lib/gcc/arm-none-eabi/4.6.2/../../../../arm-none-eabi/lib/armv7-m\libcr_semihost.a(_cr__main.o)
                                 0x71 (size before relaxing)
 .comment       0x00000000       0x71 c:/nxp/lpcxpresso_6.1.4_194/lpcxpresso/tools/bin/../lib/gcc/arm-none-eabi/4.6.2/../../../../arm-none-eabi/lib/armv7-m\libcr_c.a(memcpy.o)
 .comment       0x00000000       0x71 c:/nxp/lpcxpresso_6.1.4_194/lpcxpresso/tools/bin/../lib/gcc/arm-none-eabi/4.6.2/../../../../arm-none-eabi/lib/armv7-m\libcr_c.a(memset.o)
 .comment       0x00000000       0x71 c:/nxp/lpcxpresso_6.1.4_194/lpcxpresso/tools/bin/../lib/gcc/arm-none-eabi/4.6.2/../../../../arm-none-eabi/lib/armv7-m\libcr_c.a(alloc.o)
 .comment       0x00000000       0x71 c:/nxp/lpcxpresso_6.1.4_194/lpcxpresso/tools/bin/../lib/gcc/arm-none-eabi/4.6.2/../../../../arm-none-eabi/lib/armv7-m\libcr_c.a(fpprintf.o)
 .comment       0x00000000       0x71 c:/nxp/lpcxpresso_6.1.4_194/lpcxpresso/tools/bin/../lib/gcc/arm-none-eabi/4.6.2/../../../../arm-none-eabi/lib/armv7-m\libcr_c.a(initio.o)
 .comment       0x00000000       0x71 c:/nxp/lpcxpresso_6.1.4_194/lpcxpresso/tools/bin/../lib/gcc/arm-none-eabi/4.6.2/../../../../arm-none-eabi/lib/armv7-m\libcr_c.a(memcmp.o)
 .comment       0x00000000       0x71 c:/nxp/lpcxpresso_6.1.4_194/lpcxpresso/tools/bin/../lib/gcc/arm-none-eabi/4.6.2/../../../../arm-none-eabi/lib/armv7-m\libcr_c.a(printf.o)
 .comment       0x00000000       0x71 c:/nxp/lpcxpresso_6.1.4_194/lpcxpresso/tools/bin/../lib/gcc/arm-none-eabi/4.6.2/../../../../arm-none-eabi/lib/armv7-m\libcr_c.a(setvbuf.o)
 .comment       0x00000000       0x71 c:/nxp/lpcxpresso_6.1.4_194/lpcxpresso/tools/bin/../lib/gcc/arm-none-eabi/4.6.2/../../../../arm-none-eabi/lib/armv7-m\libcr_c.a(stdio.o)
 .comment       0x00000000       0x71 c:/nxp/lpcxpresso_6.1.4_194/lpcxpresso/tools/bin/../lib/gcc/arm-none-eabi/4.6.2/../../../../arm-none-eabi/lib/armv7-m\libcr_c.a(strcpy.o)
 .comment       0x00000000       0x71 c:/nxp/lpcxpresso_6.1.4_194/lpcxpresso/tools/bin/../lib/gcc/arm-none-eabi/4.6.2/../../../../arm-none-eabi/lib/armv7-m\libcr_c.a(strlen.o)
 .comment       0x00000000       0x71 c:/nxp/lpcxpresso_6.1.4_194/lpcxpresso/tools/bin/../lib/gcc/arm-none-eabi/4.6.2/../../../../arm-none-eabi/lib/armv7-m\libcr_c.a(strncpy.o)
 .comment       0x00000000       0x71 c:/nxp/lpcxpresso_6.1.4_194/lpcxpresso/tools/bin/../lib/gcc/arm-none-eabi/4.6.2/../../../../arm-none-eabi/lib/armv7-m\libcr_c.a(__fillbuf.o)
 .comment       0x00000000       0x71 c:/nxp/lpcxpresso_6.1.4_194/lpcxpresso/tools/bin/../lib/gcc/arm-none-eabi/4.6.2/../../../../arm-none-eabi/lib/armv7-m\libcr_c.a(__init_alloc.o)
 .comment       0x00000000       0x71 c:/nxp/lpcxpresso_6.1.4_194/lpcxpresso/tools/bin/../lib/gcc/arm-none-eabi/4.6.2/../../../../arm-none-eabi/lib/armv7-m\libcr_c.a(_deferredlazyseek.o)
 .comment       0x00000000       0x71 c:/nxp/lpcxpresso_6.1.4_194/lpcxpresso/tools/bin/../lib/gcc/arm-none-eabi/4.6.2/../../../../arm-none-eabi/lib/armv7-m\libcr_c.a(_fdopen.o)
 .comment       0x00000000       0x71 c:/nxp/lpcxpresso_6.1.4_194/lpcxpresso/tools/bin/../lib/gcc/arm-none-eabi/4.6.2/../../../../arm-none-eabi/lib/armv7-m\libcr_c.a(_fflush.o)
 .comment       0x00000000       0x71 c:/nxp/lpcxpresso_6.1.4_194/lpcxpresso/tools/bin/../lib/gcc/arm-none-eabi/4.6.2/../../../../arm-none-eabi/lib/armv7-m\libcr_c.a(_frexpl.o)
 .comment       0x00000000       0x71 c:/nxp/lpcxpresso_6.1.4_194/lpcxpresso/tools/bin/../lib/gcc/arm-none-eabi/4.6.2/../../../../arm-none-eabi/lib/armv7-m\libcr_c.a(_ldexpl.o)
 .comment       0x00000000       0x71 c:/nxp/lpcxpresso_6.1.4_194/lpcxpresso/tools/bin/../lib/gcc/arm-none-eabi/4.6.2/../../../../arm-none-eabi/lib/armv7-m\libcr_c.a(_writebuf.o)
 .comment       0x00000000       0x71 c:/nxp/lpcxpresso_6.1.4_194/lpcxpresso/tools/bin/../lib/gcc/arm-none-eabi/4.6.2/../../../../arm-none-eabi/lib/armv7-m\libcr_c.a(errno.o)
 .comment       0x00000000       0x71 c:/nxp/lpcxpresso_6.1.4_194/lpcxpresso/tools/bin/../lib/gcc/arm-none-eabi/4.6.2/../../../../arm-none-eabi/lib/armv7-m\libcr_c.a(fclose.o)
 .comment       0x00000000       0x71 c:/nxp/lpcxpresso_6.1.4_194/lpcxpresso/tools/bin/../lib/gcc/arm-none-eabi/4.6.2/../../../../arm-none-eabi/lib/armv7-m\libcr_c.a(fflush.o)
 .comment       0x00000000       0x71 c:/nxp/lpcxpresso_6.1.4_194/lpcxpresso/tools/bin/../lib/gcc/arm-none-eabi/4.6.2/../../../../arm-none-eabi/lib/armv7-m\libcr_c.a(fseek.o)
 .comment       0x00000000       0x71 c:/nxp/lpcxpresso_6.1.4_194/lpcxpresso/tools/bin/../lib/gcc/arm-none-eabi/4.6.2/../../../../arm-none-eabi/lib/armv7-m\libcr_c.a(ftell.o)
 .comment       0x00000000       0x71 c:/nxp/lpcxpresso_6.1.4_194/lpcxpresso/tools/bin/../lib/gcc/arm-none-eabi/4.6.2/../../../../arm-none-eabi/lib/armv7-m\libcr_c.a(remove.o)
 .comment       0x00000000       0x71 c:/nxp/lpcxpresso_6.1.4_194/lpcxpresso/tools/bin/../lib/gcc/arm-none-eabi/4.6.2/../../../../arm-none-eabi/lib/armv7-m\libcr_c.a(_do_fflush.o)
 .comment       0x00000000       0x71 c:/nxp/lpcxpresso_6.1.4_194/lpcxpresso/tools/bin/../lib/gcc/arm-none-eabi/4.6.2/../../../../arm-none-eabi/lib/armv7-m\libcr_c.a(_hugeval.o)
 .comment       0x00000000       0x71 c:/nxp/lpcxpresso_6.1.4_194/lpcxpresso/tools/bin/../lib/gcc/arm-none-eabi/4.6.2/armv7-m\libcr_eabihelpers.a(double.o)
 .comment       0x00000000       0x71 c:/nxp/lpcxpresso_6.1.4_194/lpcxpresso/tools/bin/../lib/gcc/arm-none-eabi/4.6.2/../../../../arm-none-eabi/lib/armv7-m\libcr_semihost.a(_cr_sbrk.o)
 .comment       0x00000000       0x71 c:/nxp/lpcxpresso_6.1.4_194/lpcxpresso/tools/bin/../lib/gcc/arm-none-eabi/4.6.2/../../../../arm-none-eabi/lib/armv7-m\libcr_semihost.a(_cr_check_heap.o)

.ARM.attributes
                0x00000000       0x31
 .ARM.attributes
                0x00000000       0x33 ./src/acc.o
 .ARM.attributes
                0x00000033       0x33 ./src/eeprom.o
 .ARM.attributes
                0x00000066       0x33 ./src/flash.o
 .ARM.attributes
                0x00000099       0x33 ./src/font5x7.o
 .ARM.attributes
                0x000000cc       0x33 ./src/joystick.o
 .ARM.attributes
                0x000000ff       0x33 ./src/led7seg.o
 .ARM.attributes
                0x00000132       0x33 ./src/light.o
 .ARM.attributes
                0x00000165       0x33 ./src/lpc17xx_adc.o
 .ARM.attributes
                0x00000198       0x33 ./src/lpc17xx_can.o
 .ARM.attributes
                0x000001cb       0x33 ./src/lpc17xx_clkpwr.o
 .ARM.attributes
                0x000001fe       0x33 ./src/lpc17xx_dac.o
 .ARM.attributes
                0x00000231       0x33 ./src/lpc17xx_emac.o
 .ARM.attributes
                0x00000264       0x33 ./src/lpc17xx_gpio.o
 .ARM.attributes
                0x00000297       0x33 ./src/lpc17xx_i2c.o
 .ARM.attributes
                0x000002ca       0x33 ./src/lpc17xx_i2s.o
 .ARM.attributes
                0x000002fd       0x33 ./src/lpc17xx_libcfg_default.o
 .ARM.attributes
                0x00000330       0x33 ./src/lpc17xx_mcpwm.o
 .ARM.attributes
                0x00000363       0x33 ./src/lpc17xx_nvic.o
 .ARM.attributes
                0x00000396       0x33 ./src/lpc17xx_pinsel.o
 .ARM.attributes
                0x000003c9       0x33 ./src/lpc17xx_pwm.o
 .ARM.attributes
                0x000003fc       0x33 ./src/lpc17xx_qei.o
 .ARM.attributes
                0x0000042f       0x33 ./src/lpc17xx_rit.o
 .ARM.attributes
                0x00000462       0x33 ./src/lpc17xx_rtc.o
 .ARM.attributes
                0x00000495       0x33 ./src/lpc17xx_spi.o
 .ARM.attributes
                0x000004c8       0x33 ./src/lpc17xx_ssp.o
 .ARM.attributes
                0x000004fb       0x33 ./src/lpc17xx_timer.o
 .ARM.attributes
                0x0000052e       0x33 ./src/lpc17xx_uart.o
 .ARM.attributes
                0x00000561       0x33 ./src/lpc17xx_wdt.o
 .ARM.attributes
                0x00000594       0x33 ./src/oled.o
 .ARM.attributes
                0x000005c7       0x33 ./src/pca9532.o
 .ARM.attributes
                0x000005fa       0x33 ./src/rgb.o
 .ARM.attributes
                0x0000062d       0x33 ./src/rotary.o
 .ARM.attributes
                0x00000660       0x33 ./src/temp.o
 .ARM.attributes
                0x00000693       0x33 ./src/uart2.o
 .ARM.attributes
                0x000006c6       0x33 ./cr_startup_lpc17.o
 .ARM.attributes
                0x000006f9       0x33 ./ethmac.o
 .ARM.attributes
                0x0000072c       0x33 ./ew_systick.o
 .ARM.attributes
                0x0000075f       0x33 ./main.o
 .ARM.attributes
                0x00000792       0x33 ./tcpip.o
 .ARM.attributes
                0x000007c5       0x33 ./top.o
 .ARM.attributes
                0x000007f8       0x33 C:\Users\Giovani\Documents\LPCXpresso_6.1.4_194\workspace\CMSISv1p30_LPC17xx\Debug\libCMSISv1p30_LPC17xx.a(system_LPC17xx.o)
 .ARM.attributes
                0x0000082b       0x33 C:\Users\Giovani\Documents\LPCXpresso_6.1.4_194\workspace\FreeRTOS_Library\Debug\libFreeRTOS_Library.a(port.o)
 .ARM.attributes
                0x0000085e       0x33 C:\Users\Giovani\Documents\LPCXpresso_6.1.4_194\workspace\FreeRTOS_Library\Debug\libFreeRTOS_Library.a(basic_io.o)
 .ARM.attributes
                0x00000891       0x33 C:\Users\Giovani\Documents\LPCXpresso_6.1.4_194\workspace\FreeRTOS_Library\Debug\libFreeRTOS_Library.a(consoleprint.o)
 .ARM.attributes
                0x000008c4       0x33 C:\Users\Giovani\Documents\LPCXpresso_6.1.4_194\workspace\FreeRTOS_Library\Debug\libFreeRTOS_Library.a(queue.o)
 .ARM.attributes
                0x000008f7       0x33 C:\Users\Giovani\Documents\LPCXpresso_6.1.4_194\workspace\FreeRTOS_Library\Debug\libFreeRTOS_Library.a(tasks.o)
 .ARM.attributes
                0x0000092a       0x33 C:\Users\Giovani\Documents\LPCXpresso_6.1.4_194\workspace\FreeRTOS_Library\Debug\libFreeRTOS_Library.a(heap_2.o)
 .ARM.attributes
                0x0000095d       0x33 C:\Users\Giovani\Documents\LPCXpresso_6.1.4_194\workspace\FreeRTOS_Library\Debug\libFreeRTOS_Library.a(list.o)
 .ARM.attributes
                0x00000990       0x21 c:/nxp/lpcxpresso_6.1.4_194/lpcxpresso/tools/bin/../lib/gcc/arm-none-eabi/4.6.2/../../../../arm-none-eabi/lib/armv7-m\libcr_semihost.a(__sys_write.o)
 .ARM.attributes
                0x000009b1       0x33 c:/nxp/lpcxpresso_6.1.4_194/lpcxpresso/tools/bin/../lib/gcc/arm-none-eabi/4.6.2/../../../../arm-none-eabi/lib/armv7-m\libcr_semihost.a(_cr__main.o)
 .ARM.attributes
                0x000009e4       0x33 c:/nxp/lpcxpresso_6.1.4_194/lpcxpresso/tools/bin/../lib/gcc/arm-none-eabi/4.6.2/../../../../arm-none-eabi/lib/armv7-m\libcr_c.a(memcpy.o)
 .ARM.attributes
                0x00000a17       0x33 c:/nxp/lpcxpresso_6.1.4_194/lpcxpresso/tools/bin/../lib/gcc/arm-none-eabi/4.6.2/../../../../arm-none-eabi/lib/armv7-m\libcr_c.a(memset.o)
 .ARM.attributes
                0x00000a4a       0x33 c:/nxp/lpcxpresso_6.1.4_194/lpcxpresso/tools/bin/../lib/gcc/arm-none-eabi/4.6.2/../../../../arm-none-eabi/lib/armv7-m\libcr_c.a(alloc.o)
 .ARM.attributes
                0x00000a7d       0x33 c:/nxp/lpcxpresso_6.1.4_194/lpcxpresso/tools/bin/../lib/gcc/arm-none-eabi/4.6.2/../../../../arm-none-eabi/lib/armv7-m\libcr_c.a(fpprintf.o)
 .ARM.attributes